Archive member included to satisfy reference by file (symbol)

d:/arm-none-eabi-gcc/bin/../lib/gcc/arm-none-eabi/10.3.1/../../../../arm-none-eabi/lib/thumb/v7e-m+fp/hard\libc_nano.a(lib_a-exit.o)
                              d:/arm-none-eabi-gcc/bin/../lib/gcc/arm-none-eabi/10.3.1/../../../../arm-none-eabi/lib/thumb/v7e-m+fp/hard/crt0.o (exit)
d:/arm-none-eabi-gcc/bin/../lib/gcc/arm-none-eabi/10.3.1/../../../../arm-none-eabi/lib/thumb/v7e-m+fp/hard\libc_nano.a(lib_a-impure.o)
                              d:/arm-none-eabi-gcc/bin/../lib/gcc/arm-none-eabi/10.3.1/../../../../arm-none-eabi/lib/thumb/v7e-m+fp/hard\libc_nano.a(lib_a-exit.o) (_global_impure_ptr)
d:/arm-none-eabi-gcc/bin/../lib/gcc/arm-none-eabi/10.3.1/../../../../arm-none-eabi/lib/thumb/v7e-m+fp/hard\libc_nano.a(lib_a-init.o)
                              d:/arm-none-eabi-gcc/bin/../lib/gcc/arm-none-eabi/10.3.1/../../../../arm-none-eabi/lib/thumb/v7e-m+fp/hard/crt0.o (__libc_init_array)
d:/arm-none-eabi-gcc/bin/../lib/gcc/arm-none-eabi/10.3.1/../../../../arm-none-eabi/lib/thumb/v7e-m+fp/hard\libc_nano.a(lib_a-memset.o)
                              d:/arm-none-eabi-gcc/bin/../lib/gcc/arm-none-eabi/10.3.1/../../../../arm-none-eabi/lib/thumb/v7e-m+fp/hard/crt0.o (memset)
d:/arm-none-eabi-gcc/bin/../lib/gcc/arm-none-eabi/10.3.1/../../../../arm-none-eabi/lib/thumb/v7e-m+fp/hard\libnosys.a(_exit.o)
                              d:/arm-none-eabi-gcc/bin/../lib/gcc/arm-none-eabi/10.3.1/../../../../arm-none-eabi/lib/thumb/v7e-m+fp/hard\libc_nano.a(lib_a-exit.o) (_exit)

Discarded input sections

 .text          0x00000000        0x0 d:/arm-none-eabi-gcc/bin/../lib/gcc/arm-none-eabi/10.3.1/thumb/v7e-m+fp/hard/crti.o
 .data          0x00000000        0x0 d:/arm-none-eabi-gcc/bin/../lib/gcc/arm-none-eabi/10.3.1/thumb/v7e-m+fp/hard/crti.o
 .bss           0x00000000        0x0 d:/arm-none-eabi-gcc/bin/../lib/gcc/arm-none-eabi/10.3.1/thumb/v7e-m+fp/hard/crti.o
 .data          0x00000000        0x4 d:/arm-none-eabi-gcc/bin/../lib/gcc/arm-none-eabi/10.3.1/thumb/v7e-m+fp/hard/crtbegin.o
 .rodata        0x00000000       0x24 d:/arm-none-eabi-gcc/bin/../lib/gcc/arm-none-eabi/10.3.1/thumb/v7e-m+fp/hard/crtbegin.o
 .text          0x00000000       0x7c d:/arm-none-eabi-gcc/bin/../lib/gcc/arm-none-eabi/10.3.1/../../../../arm-none-eabi/lib/thumb/v7e-m+fp/hard/crt0.o
 .data          0x00000000        0x0 d:/arm-none-eabi-gcc/bin/../lib/gcc/arm-none-eabi/10.3.1/../../../../arm-none-eabi/lib/thumb/v7e-m+fp/hard/crt0.o
 .bss           0x00000000        0x0 d:/arm-none-eabi-gcc/bin/../lib/gcc/arm-none-eabi/10.3.1/../../../../arm-none-eabi/lib/thumb/v7e-m+fp/hard/crt0.o
 .ARM.extab     0x00000000        0x0 d:/arm-none-eabi-gcc/bin/../lib/gcc/arm-none-eabi/10.3.1/../../../../arm-none-eabi/lib/thumb/v7e-m+fp/hard/crt0.o
 .ARM.exidx     0x00000000       0x10 d:/arm-none-eabi-gcc/bin/../lib/gcc/arm-none-eabi/10.3.1/../../../../arm-none-eabi/lib/thumb/v7e-m+fp/hard/crt0.o
 .ARM.attributes
                0x00000000       0x1c d:/arm-none-eabi-gcc/bin/../lib/gcc/arm-none-eabi/10.3.1/../../../../arm-none-eabi/lib/thumb/v7e-m+fp/hard/crt0.o
 .text          0x00000000        0x0 build/CodeSTM32.o
 .data          0x00000000        0x0 build/CodeSTM32.o
 .bss           0x00000000        0x0 build/CodeSTM32.o
 .bss.input_capture
                0x00000000        0x4 build/CodeSTM32.o
 .bss.pre_capture
                0x00000000        0x4 build/CodeSTM32.o
 .bss.captureOnthefly
                0x00000000        0x4 build/CodeSTM32.o
 .bss.pulse_perSecond
                0x00000000        0x4 build/CodeSTM32.o
 .bss.time      0x00000000        0x4 build/CodeSTM32.o
 .bss.speed     0x00000000        0x4 build/CodeSTM32.o
 .text.readEncoder
                0x00000000      0x15c build/CodeSTM32.o
 .text.PCTransmission
                0x00000000       0x74 build/CodeSTM32.o
 .text.delay    0x00000000       0x22 build/CodeSTM32.o
 .text          0x00000000        0x0 build/stm32f4xx_it.o
 .data          0x00000000        0x0 build/stm32f4xx_it.o
 .bss           0x00000000        0x0 build/stm32f4xx_it.o
 .text          0x00000000        0x0 build/system_stm32f4xx.o
 .data          0x00000000        0x0 build/system_stm32f4xx.o
 .bss           0x00000000        0x0 build/system_stm32f4xx.o
 .data.SystemCoreClock
                0x00000000        0x4 build/system_stm32f4xx.o
 .data.AHBPrescTable
                0x00000000       0x10 build/system_stm32f4xx.o
 .text.SystemCoreClockUpdate
                0x00000000      0x104 build/system_stm32f4xx.o
 .text          0x00000000        0x0 build/stm32f4xx_gpio.o
 .data          0x00000000        0x0 build/stm32f4xx_gpio.o
 .bss           0x00000000        0x0 build/stm32f4xx_gpio.o
 .text.GPIO_DeInit
                0x00000000      0x164 build/stm32f4xx_gpio.o
 .text.GPIO_StructInit
                0x00000000       0x34 build/stm32f4xx_gpio.o
 .text.GPIO_PinLockConfig
                0x00000000       0x44 build/stm32f4xx_gpio.o
 .text.GPIO_ReadInputDataBit
                0x00000000       0x34 build/stm32f4xx_gpio.o
 .text.GPIO_ReadInputData
                0x00000000       0x1a build/stm32f4xx_gpio.o
 .text.GPIO_ReadOutputDataBit
                0x00000000       0x34 build/stm32f4xx_gpio.o
 .text.GPIO_ReadOutputData
                0x00000000       0x1a build/stm32f4xx_gpio.o
 .text.GPIO_ResetBits
                0x00000000       0x1e build/stm32f4xx_gpio.o
 .text.GPIO_WriteBit
                0x00000000       0x30 build/stm32f4xx_gpio.o
 .text.GPIO_Write
                0x00000000       0x1e build/stm32f4xx_gpio.o
 .text.GPIO_ToggleBits
                0x00000000       0x24 build/stm32f4xx_gpio.o
 .text          0x00000000        0x0 build/stm32f4xx_rcc.o
 .data          0x00000000        0x0 build/stm32f4xx_rcc.o
 .bss           0x00000000        0x0 build/stm32f4xx_rcc.o
 .text.RCC_DeInit
                0x00000000       0x70 build/stm32f4xx_rcc.o
 .text.RCC_HSEConfig
                0x00000000       0x28 build/stm32f4xx_rcc.o
 .text.RCC_WaitForHSEStartUp
                0x00000000       0x50 build/stm32f4xx_rcc.o
 .text.RCC_AdjustHSICalibrationValue
                0x00000000       0x3c build/stm32f4xx_rcc.o
 .text.RCC_HSICmd
                0x00000000       0x20 build/stm32f4xx_rcc.o
 .text.RCC_LSEConfig
                0x00000000       0x44 build/stm32f4xx_rcc.o
 .text.RCC_LSICmd
                0x00000000       0x20 build/stm32f4xx_rcc.o
 .text.RCC_PLLConfig
                0x00000000       0x40 build/stm32f4xx_rcc.o
 .text.RCC_PLLCmd
                0x00000000       0x20 build/stm32f4xx_rcc.o
 .text.RCC_PLLI2SConfig
                0x00000000       0x2c build/stm32f4xx_rcc.o
 .text.RCC_PLLI2SCmd
                0x00000000       0x20 build/stm32f4xx_rcc.o
 .text.RCC_PLLSAIConfig
                0x00000000       0x34 build/stm32f4xx_rcc.o
 .text.RCC_PLLSAICmd
                0x00000000       0x20 build/stm32f4xx_rcc.o
 .text.RCC_ClockSecuritySystemCmd
                0x00000000       0x20 build/stm32f4xx_rcc.o
 .text.RCC_MCO1Config
                0x00000000       0x40 build/stm32f4xx_rcc.o
 .text.RCC_MCO2Config
                0x00000000       0x40 build/stm32f4xx_rcc.o
 .text.RCC_SYSCLKConfig
                0x00000000       0x38 build/stm32f4xx_rcc.o
 .text.RCC_GetSYSCLKSource
                0x00000000       0x20 build/stm32f4xx_rcc.o
 .text.RCC_HCLKConfig
                0x00000000       0x38 build/stm32f4xx_rcc.o
 .text.RCC_PCLK1Config
                0x00000000       0x38 build/stm32f4xx_rcc.o
 .text.RCC_PCLK2Config
                0x00000000       0x3c build/stm32f4xx_rcc.o
 .text.RCC_RTCCLKConfig
                0x00000000       0x5c build/stm32f4xx_rcc.o
 .text.RCC_RTCCLKCmd
                0x00000000       0x20 build/stm32f4xx_rcc.o
 .text.RCC_BackupResetCmd
                0x00000000       0x20 build/stm32f4xx_rcc.o
 .text.RCC_I2SCLKConfig
                0x00000000       0x20 build/stm32f4xx_rcc.o
 .text.RCC_SAIBlockACLKConfig
                0x00000000       0x3c build/stm32f4xx_rcc.o
 .text.RCC_SAIBlockBCLKConfig
                0x00000000       0x3c build/stm32f4xx_rcc.o
 .text.RCC_SAIPLLI2SClkDivConfig
                0x00000000       0x40 build/stm32f4xx_rcc.o
 .text.RCC_SAIPLLSAIClkDivConfig
                0x00000000       0x40 build/stm32f4xx_rcc.o
 .text.RCC_LTDCCLKDivConfig
                0x00000000       0x3c build/stm32f4xx_rcc.o
 .text.RCC_TIMCLKPresConfig
                0x00000000       0x20 build/stm32f4xx_rcc.o
 .text.RCC_AHB2PeriphClockCmd
                0x00000000       0x40 build/stm32f4xx_rcc.o
 .text.RCC_AHB3PeriphClockCmd
                0x00000000       0x40 build/stm32f4xx_rcc.o
 .text.RCC_AHB1PeriphResetCmd
                0x00000000       0x40 build/stm32f4xx_rcc.o
 .text.RCC_AHB2PeriphResetCmd
                0x00000000       0x40 build/stm32f4xx_rcc.o
 .text.RCC_AHB3PeriphResetCmd
                0x00000000       0x40 build/stm32f4xx_rcc.o
 .text.RCC_APB1PeriphResetCmd
                0x00000000       0x40 build/stm32f4xx_rcc.o
 .text.RCC_APB2PeriphResetCmd
                0x00000000       0x40 build/stm32f4xx_rcc.o
 .text.RCC_AHB1PeriphClockLPModeCmd
                0x00000000       0x40 build/stm32f4xx_rcc.o
 .text.RCC_AHB2PeriphClockLPModeCmd
                0x00000000       0x40 build/stm32f4xx_rcc.o
 .text.RCC_AHB3PeriphClockLPModeCmd
                0x00000000       0x40 build/stm32f4xx_rcc.o
 .text.RCC_APB1PeriphClockLPModeCmd
                0x00000000       0x40 build/stm32f4xx_rcc.o
 .text.RCC_APB2PeriphClockLPModeCmd
                0x00000000       0x40 build/stm32f4xx_rcc.o
 .text.RCC_LSEModeConfig
                0x00000000       0x3c build/stm32f4xx_rcc.o
 .text.RCC_ITConfig
                0x00000000       0x4c build/stm32f4xx_rcc.o
 .text.RCC_GetFlagStatus
                0x00000000       0x74 build/stm32f4xx_rcc.o
 .text.RCC_ClearFlag
                0x00000000       0x20 build/stm32f4xx_rcc.o
 .text.RCC_GetITStatus
                0x00000000       0x38 build/stm32f4xx_rcc.o
 .text.RCC_ClearITPendingBit
                0x00000000       0x20 build/stm32f4xx_rcc.o
 .text          0x00000000        0x0 build/stm32f4xx_exti.o
 .data          0x00000000        0x0 build/stm32f4xx_exti.o
 .bss           0x00000000        0x0 build/stm32f4xx_exti.o
 .text.EXTI_DeInit
                0x00000000       0x34 build/stm32f4xx_exti.o
 .text.EXTI_Init
                0x00000000       0xe4 build/stm32f4xx_exti.o
 .text.EXTI_StructInit
                0x00000000       0x2c build/stm32f4xx_exti.o
 .text.EXTI_GenerateSWInterrupt
                0x00000000       0x24 build/stm32f4xx_exti.o
 .text.EXTI_GetFlagStatus
                0x00000000       0x34 build/stm32f4xx_exti.o
 .text.EXTI_ClearFlag
                0x00000000       0x20 build/stm32f4xx_exti.o
 .text.EXTI_GetITStatus
                0x00000000       0x34 build/stm32f4xx_exti.o
 .text.EXTI_ClearITPendingBit
                0x00000000       0x20 build/stm32f4xx_exti.o
 .debug_info    0x00000000      0x38d build/stm32f4xx_exti.o
 .debug_abbrev  0x00000000      0x1c6 build/stm32f4xx_exti.o
 .debug_loc     0x00000000      0x2c8 build/stm32f4xx_exti.o
 .debug_aranges
                0x00000000       0x58 build/stm32f4xx_exti.o
 .debug_ranges  0x00000000       0x48 build/stm32f4xx_exti.o
 .debug_line    0x00000000      0x2df build/stm32f4xx_exti.o
 .debug_str     0x00000000      0x367 build/stm32f4xx_exti.o
 .comment       0x00000000       0x4a build/stm32f4xx_exti.o
 .debug_frame   0x00000000      0x148 build/stm32f4xx_exti.o
 .ARM.attributes
                0x00000000       0x34 build/stm32f4xx_exti.o
 .text          0x00000000        0x0 build/stm32f4xx_tim.o
 .data          0x00000000        0x0 build/stm32f4xx_tim.o
 .bss           0x00000000        0x0 build/stm32f4xx_tim.o
 .text.TIM_DeInit
                0x00000000      0x1c0 build/stm32f4xx_tim.o
 .text.TIM_TimeBaseStructInit
                0x00000000       0x34 build/stm32f4xx_tim.o
 .text.TIM_PrescalerConfig
                0x00000000       0x28 build/stm32f4xx_tim.o
 .text.TIM_CounterModeConfig
                0x00000000       0x38 build/stm32f4xx_tim.o
 .text.TIM_SetCounter
                0x00000000       0x1c build/stm32f4xx_tim.o
 .text.TIM_SetAutoreload
                0x00000000       0x1c build/stm32f4xx_tim.o
 .text.TIM_GetCounter
                0x00000000       0x18 build/stm32f4xx_tim.o
 .text.TIM_GetPrescaler
                0x00000000       0x1a build/stm32f4xx_tim.o
 .text.TIM_UpdateDisableConfig
                0x00000000       0x40 build/stm32f4xx_tim.o
 .text.TIM_UpdateRequestConfig
                0x00000000       0x40 build/stm32f4xx_tim.o
 .text.TIM_ARRPreloadConfig
                0x00000000       0x40 build/stm32f4xx_tim.o
 .text.TIM_SelectOnePulseMode
                0x00000000       0x38 build/stm32f4xx_tim.o
 .text.TIM_SetClockDivision
                0x00000000       0x38 build/stm32f4xx_tim.o
 .text.TIM_OC1Init
                0x00000000       0xf4 build/stm32f4xx_tim.o
 .text.TIM_OC2Init
                0x00000000      0x110 build/stm32f4xx_tim.o
 .text.TIM_OC3Init
                0x00000000      0x10c build/stm32f4xx_tim.o
 .text.TIM_OC4Init
                0x00000000       0xd0 build/stm32f4xx_tim.o
 .text.TIM_OCStructInit
                0x00000000       0x44 build/stm32f4xx_tim.o
 .text.TIM_SelectOCxM
                0x00000000       0xb6 build/stm32f4xx_tim.o
 .text.TIM_SetCompare1
                0x00000000       0x1c build/stm32f4xx_tim.o
 .text.TIM_SetCompare2
                0x00000000       0x1c build/stm32f4xx_tim.o
 .text.TIM_SetCompare3
                0x00000000       0x1c build/stm32f4xx_tim.o
 .text.TIM_SetCompare4
                0x00000000       0x1c build/stm32f4xx_tim.o
 .text.TIM_ForcedOC1Config
                0x00000000       0x38 build/stm32f4xx_tim.o
 .text.TIM_ForcedOC2Config
                0x00000000       0x3c build/stm32f4xx_tim.o
 .text.TIM_ForcedOC3Config
                0x00000000       0x38 build/stm32f4xx_tim.o
 .text.TIM_ForcedOC4Config
                0x00000000       0x3c build/stm32f4xx_tim.o
 .text.TIM_OC1PreloadConfig
                0x00000000       0x38 build/stm32f4xx_tim.o
 .text.TIM_OC2PreloadConfig
                0x00000000       0x3c build/stm32f4xx_tim.o
 .text.TIM_OC3PreloadConfig
                0x00000000       0x38 build/stm32f4xx_tim.o
 .text.TIM_OC4PreloadConfig
                0x00000000       0x3c build/stm32f4xx_tim.o
 .text.TIM_OC1FastConfig
                0x00000000       0x38 build/stm32f4xx_tim.o
 .text.TIM_OC2FastConfig
                0x00000000       0x3c build/stm32f4xx_tim.o
 .text.TIM_OC3FastConfig
                0x00000000       0x38 build/stm32f4xx_tim.o
 .text.TIM_OC4FastConfig
                0x00000000       0x3c build/stm32f4xx_tim.o
 .text.TIM_ClearOC1Ref
                0x00000000       0x38 build/stm32f4xx_tim.o
 .text.TIM_ClearOC2Ref
                0x00000000       0x3c build/stm32f4xx_tim.o
 .text.TIM_ClearOC3Ref
                0x00000000       0x38 build/stm32f4xx_tim.o
 .text.TIM_ClearOC4Ref
                0x00000000       0x3c build/stm32f4xx_tim.o
 .text.TIM_OC1PolarityConfig
                0x00000000       0x38 build/stm32f4xx_tim.o
 .text.TIM_OC1NPolarityConfig
                0x00000000       0x38 build/stm32f4xx_tim.o
 .text.TIM_OC2PolarityConfig
                0x00000000       0x3c build/stm32f4xx_tim.o
 .text.TIM_OC2NPolarityConfig
                0x00000000       0x3c build/stm32f4xx_tim.o
 .text.TIM_OC3PolarityConfig
                0x00000000       0x3c build/stm32f4xx_tim.o
 .text.TIM_OC3NPolarityConfig
                0x00000000       0x3c build/stm32f4xx_tim.o
 .text.TIM_OC4PolarityConfig
                0x00000000       0x3c build/stm32f4xx_tim.o
 .text.TIM_CCxCmd
                0x00000000       0x56 build/stm32f4xx_tim.o
 .text.TIM_CCxNCmd
                0x00000000       0x56 build/stm32f4xx_tim.o
 .text.TIM_ICStructInit
                0x00000000       0x32 build/stm32f4xx_tim.o
 .text.TIM_PWMIConfig
                0x00000000       0xb8 build/stm32f4xx_tim.o
 .text.TIM_GetCapture1
                0x00000000       0x18 build/stm32f4xx_tim.o
 .text.TIM_GetCapture2
                0x00000000       0x18 build/stm32f4xx_tim.o
 .text.TIM_GetCapture3
                0x00000000       0x18 build/stm32f4xx_tim.o
 .text.TIM_GetCapture4
                0x00000000       0x18 build/stm32f4xx_tim.o
 .text.TIM_BDTRConfig
                0x00000000       0x50 build/stm32f4xx_tim.o
 .text.TIM_BDTRStructInit
                0x00000000       0x3e build/stm32f4xx_tim.o
 .text.TIM_CtrlPWMOutputs
                0x00000000       0x4c build/stm32f4xx_tim.o
 .text.TIM_SelectCOM
                0x00000000       0x40 build/stm32f4xx_tim.o
 .text.TIM_CCPreloadControl
                0x00000000       0x40 build/stm32f4xx_tim.o
 .text.TIM_GenerateEvent
                0x00000000       0x1e build/stm32f4xx_tim.o
 .text.TIM_GetFlagStatus
                0x00000000       0x38 build/stm32f4xx_tim.o
 .text.TIM_ClearFlag
                0x00000000       0x22 build/stm32f4xx_tim.o
 .text.TIM_GetITStatus
                0x00000000       0x54 build/stm32f4xx_tim.o
 .text.TIM_ClearITPendingBit
                0x00000000       0x22 build/stm32f4xx_tim.o
 .text.TIM_DMAConfig
                0x00000000       0x2a build/stm32f4xx_tim.o
 .text.TIM_DMACmd
                0x00000000       0x48 build/stm32f4xx_tim.o
 .text.TIM_SelectCCDMA
                0x00000000       0x40 build/stm32f4xx_tim.o
 .text.TIM_InternalClockConfig
                0x00000000       0x24 build/stm32f4xx_tim.o
 .text.TIM_ITRxExternalClockConfig
                0x00000000       0x2e build/stm32f4xx_tim.o
 .text.TIM_TIxExternalClockConfig
                0x00000000       0x5c build/stm32f4xx_tim.o
 .text.TIM_ETRClockMode1Config
                0x00000000       0x5e build/stm32f4xx_tim.o
 .text.TIM_ETRClockMode2Config
                0x00000000       0x3e build/stm32f4xx_tim.o
 .text.TIM_SelectInputTrigger
                0x00000000       0x38 build/stm32f4xx_tim.o
 .text.TIM_SelectOutputTrigger
                0x00000000       0x38 build/stm32f4xx_tim.o
 .text.TIM_SelectSlaveMode
                0x00000000       0x38 build/stm32f4xx_tim.o
 .text.TIM_SelectMasterSlaveMode
                0x00000000       0x38 build/stm32f4xx_tim.o
 .text.TIM_ETRConfig
                0x00000000       0x54 build/stm32f4xx_tim.o
 .text.TIM_EncoderInterfaceConfig
                0x00000000       0x98 build/stm32f4xx_tim.o
 .text.TIM_SelectHallSensor
                0x00000000       0x40 build/stm32f4xx_tim.o
 .text.TIM_RemapConfig
                0x00000000       0x20 build/stm32f4xx_tim.o
 .text          0x00000000        0x0 build/stm32f4xx_usart.o
 .data          0x00000000        0x0 build/stm32f4xx_usart.o
 .bss           0x00000000        0x0 build/stm32f4xx_usart.o
 .text.USART_DeInit
                0x00000000      0x118 build/stm32f4xx_usart.o
 .text.USART_StructInit
                0x00000000       0x3a build/stm32f4xx_usart.o
 .text.USART_ClockInit
                0x00000000       0x56 build/stm32f4xx_usart.o
 .text.USART_ClockStructInit
                0x00000000       0x2c build/stm32f4xx_usart.o
 .text.USART_SetPrescaler
                0x00000000       0x3a build/stm32f4xx_usart.o
 .text.USART_OverSampling8Cmd
                0x00000000       0x44 build/stm32f4xx_usart.o
 .text.USART_OneBitMethodCmd
                0x00000000       0x40 build/stm32f4xx_usart.o
 .text.USART_SendData
                0x00000000       0x24 build/stm32f4xx_usart.o
 .text.USART_ReceiveData
                0x00000000       0x20 build/stm32f4xx_usart.o
 .text.USART_SetAddress
                0x00000000       0x3a build/stm32f4xx_usart.o
 .text.USART_ReceiverWakeUpCmd
                0x00000000       0x40 build/stm32f4xx_usart.o
 .text.USART_WakeUpConfig
                0x00000000       0x38 build/stm32f4xx_usart.o
 .text.USART_LINBreakDetectLengthConfig
                0x00000000       0x38 build/stm32f4xx_usart.o
 .text.USART_LINCmd
                0x00000000       0x40 build/stm32f4xx_usart.o
 .text.USART_SendBreak
                0x00000000       0x24 build/stm32f4xx_usart.o
 .text.USART_HalfDuplexCmd
                0x00000000       0x40 build/stm32f4xx_usart.o
 .text.USART_SetGuardTime
                0x00000000       0x3c build/stm32f4xx_usart.o
 .text.USART_SmartCardCmd
                0x00000000       0x40 build/stm32f4xx_usart.o
 .text.USART_SmartCardNACKCmd
                0x00000000       0x40 build/stm32f4xx_usart.o
 .text.USART_IrDAConfig
                0x00000000       0x38 build/stm32f4xx_usart.o
 .text.USART_IrDACmd
                0x00000000       0x40 build/stm32f4xx_usart.o
 .text.USART_ITConfig
                0x00000000       0x90 build/stm32f4xx_usart.o
 .text.USART_GetFlagStatus
                0x00000000       0x38 build/stm32f4xx_usart.o
 .text.USART_ClearFlag
                0x00000000       0x22 build/stm32f4xx_usart.o
 .text.USART_GetITStatus
                0x00000000       0xb6 build/stm32f4xx_usart.o
 .text.USART_ClearITPendingBit
                0x00000000       0x3a build/stm32f4xx_usart.o
 .text          0x00000000        0x0 build/misc.o
 .data          0x00000000        0x0 build/misc.o
 .bss           0x00000000        0x0 build/misc.o
 .text.NVIC_PriorityGroupConfig
                0x00000000       0x28 build/misc.o
 .text.NVIC_SetVectorTable
                0x00000000       0x2c build/misc.o
 .text.NVIC_SystemLPConfig
                0x00000000       0x44 build/misc.o
 .text.SysTick_CLKSourceConfig
                0x00000000       0x38 build/misc.o
 .text          0x00000000        0x0 build/stm32f4xx_dma.o
 .data          0x00000000        0x0 build/stm32f4xx_dma.o
 .bss           0x00000000        0x0 build/stm32f4xx_dma.o
 .text.DMA_DeInit
                0x00000000      0x1a8 build/stm32f4xx_dma.o
 .text.DMA_StructInit
                0x00000000       0x6e build/stm32f4xx_dma.o
 .text.DMA_PeriphIncOffsetSizeConfig
                0x00000000       0x36 build/stm32f4xx_dma.o
 .text.DMA_FlowControllerConfig
                0x00000000       0x36 build/stm32f4xx_dma.o
 .text.DMA_SetCurrDataCounter
                0x00000000       0x1e build/stm32f4xx_dma.o
 .text.DMA_GetCurrDataCounter
                0x00000000       0x1a build/stm32f4xx_dma.o
 .text.DMA_DoubleBufferModeConfig
                0x00000000       0x3e build/stm32f4xx_dma.o
 .text.DMA_DoubleBufferModeCmd
                0x00000000       0x38 build/stm32f4xx_dma.o
 .text.DMA_MemoryTargetConfig
                0x00000000       0x2c build/stm32f4xx_dma.o
 .text.DMA_GetCurrentMemoryTarget
                0x00000000       0x30 build/stm32f4xx_dma.o
 .text.DMA_GetCmdStatus
                0x00000000       0x30 build/stm32f4xx_dma.o
 .text.DMA_GetFIFOStatus
                0x00000000       0x24 build/stm32f4xx_dma.o
 .text.DMA_GetFlagStatus
                0x00000000       0x78 build/stm32f4xx_dma.o
 .text.DMA_ClearFlag
                0x00000000       0x5c build/stm32f4xx_dma.o
 .text.DMA_GetITStatus
                0x00000000       0xb0 build/stm32f4xx_dma.o
 .text          0x00000000        0x0 build/stm32f4xx_syscfg.o
 .data          0x00000000        0x0 build/stm32f4xx_syscfg.o
 .bss           0x00000000        0x0 build/stm32f4xx_syscfg.o
 .text.SYSCFG_DeInit
                0x00000000       0x1c build/stm32f4xx_syscfg.o
 .text.SYSCFG_MemoryRemapConfig
                0x00000000       0x20 build/stm32f4xx_syscfg.o
 .text.SYSCFG_MemorySwappingBank
                0x00000000       0x20 build/stm32f4xx_syscfg.o
 .text.SYSCFG_EXTILineConfig
                0x00000000       0x84 build/stm32f4xx_syscfg.o
 .text.SYSCFG_ETH_MediaInterfaceConfig
                0x00000000       0x20 build/stm32f4xx_syscfg.o
 .text.SYSCFG_CompensationCellCmd
                0x00000000       0x20 build/stm32f4xx_syscfg.o
 .text.SYSCFG_GetCompensationCellStatus
                0x00000000       0x34 build/stm32f4xx_syscfg.o
 .debug_info    0x00000000      0x2bf build/stm32f4xx_syscfg.o
 .debug_abbrev  0x00000000      0x140 build/stm32f4xx_syscfg.o
 .debug_loc     0x00000000      0x254 build/stm32f4xx_syscfg.o
 .debug_aranges
                0x00000000       0x50 build/stm32f4xx_syscfg.o
 .debug_ranges  0x00000000       0x40 build/stm32f4xx_syscfg.o
 .debug_line    0x00000000      0x201 build/stm32f4xx_syscfg.o
 .debug_str     0x00000000      0x329 build/stm32f4xx_syscfg.o
 .comment       0x00000000       0x4a build/stm32f4xx_syscfg.o
 .debug_frame   0x00000000      0x11c build/stm32f4xx_syscfg.o
 .ARM.attributes
                0x00000000       0x34 build/stm32f4xx_syscfg.o
 .text          0x00000000       0x14 build/startup_stm32f407xx.o
 .data          0x00000000        0x0 build/startup_stm32f407xx.o
 .bss           0x00000000        0x0 build/startup_stm32f407xx.o
 .text          0x00000000        0x0 d:/arm-none-eabi-gcc/bin/../lib/gcc/arm-none-eabi/10.3.1/../../../../arm-none-eabi/lib/thumb/v7e-m+fp/hard\libc_nano.a(lib_a-exit.o)
 .data          0x00000000        0x0 d:/arm-none-eabi-gcc/bin/../lib/gcc/arm-none-eabi/10.3.1/../../../../arm-none-eabi/lib/thumb/v7e-m+fp/hard\libc_nano.a(lib_a-exit.o)
 .bss           0x00000000        0x0 d:/arm-none-eabi-gcc/bin/../lib/gcc/arm-none-eabi/10.3.1/../../../../arm-none-eabi/lib/thumb/v7e-m+fp/hard\libc_nano.a(lib_a-exit.o)
 .text.exit     0x00000000       0x28 d:/arm-none-eabi-gcc/bin/../lib/gcc/arm-none-eabi/10.3.1/../../../../arm-none-eabi/lib/thumb/v7e-m+fp/hard\libc_nano.a(lib_a-exit.o)
 .debug_frame   0x00000000       0x28 d:/arm-none-eabi-gcc/bin/../lib/gcc/arm-none-eabi/10.3.1/../../../../arm-none-eabi/lib/thumb/v7e-m+fp/hard\libc_nano.a(lib_a-exit.o)
 .ARM.attributes
                0x00000000       0x34 d:/arm-none-eabi-gcc/bin/../lib/gcc/arm-none-eabi/10.3.1/../../../../arm-none-eabi/lib/thumb/v7e-m+fp/hard\libc_nano.a(lib_a-exit.o)
 .text          0x00000000        0x0 d:/arm-none-eabi-gcc/bin/../lib/gcc/arm-none-eabi/10.3.1/../../../../arm-none-eabi/lib/thumb/v7e-m+fp/hard\libc_nano.a(lib_a-impure.o)
 .data          0x00000000        0x0 d:/arm-none-eabi-gcc/bin/../lib/gcc/arm-none-eabi/10.3.1/../../../../arm-none-eabi/lib/thumb/v7e-m+fp/hard\libc_nano.a(lib_a-impure.o)
 .bss           0x00000000        0x0 d:/arm-none-eabi-gcc/bin/../lib/gcc/arm-none-eabi/10.3.1/../../../../arm-none-eabi/lib/thumb/v7e-m+fp/hard\libc_nano.a(lib_a-impure.o)
 .data._impure_ptr
                0x00000000        0x4 d:/arm-none-eabi-gcc/bin/../lib/gcc/arm-none-eabi/10.3.1/../../../../arm-none-eabi/lib/thumb/v7e-m+fp/hard\libc_nano.a(lib_a-impure.o)
 .data.impure_data
                0x00000000       0x60 d:/arm-none-eabi-gcc/bin/../lib/gcc/arm-none-eabi/10.3.1/../../../../arm-none-eabi/lib/thumb/v7e-m+fp/hard\libc_nano.a(lib_a-impure.o)
 .rodata._global_impure_ptr
                0x00000000        0x4 d:/arm-none-eabi-gcc/bin/../lib/gcc/arm-none-eabi/10.3.1/../../../../arm-none-eabi/lib/thumb/v7e-m+fp/hard\libc_nano.a(lib_a-impure.o)
 .ARM.attributes
                0x00000000       0x34 d:/arm-none-eabi-gcc/bin/../lib/gcc/arm-none-eabi/10.3.1/../../../../arm-none-eabi/lib/thumb/v7e-m+fp/hard\libc_nano.a(lib_a-impure.o)
 .text          0x00000000        0x0 d:/arm-none-eabi-gcc/bin/../lib/gcc/arm-none-eabi/10.3.1/../../../../arm-none-eabi/lib/thumb/v7e-m+fp/hard\libc_nano.a(lib_a-init.o)
 .data          0x00000000        0x0 d:/arm-none-eabi-gcc/bin/../lib/gcc/arm-none-eabi/10.3.1/../../../../arm-none-eabi/lib/thumb/v7e-m+fp/hard\libc_nano.a(lib_a-init.o)
 .bss           0x00000000        0x0 d:/arm-none-eabi-gcc/bin/../lib/gcc/arm-none-eabi/10.3.1/../../../../arm-none-eabi/lib/thumb/v7e-m+fp/hard\libc_nano.a(lib_a-init.o)
 .text          0x00000000        0x0 d:/arm-none-eabi-gcc/bin/../lib/gcc/arm-none-eabi/10.3.1/../../../../arm-none-eabi/lib/thumb/v7e-m+fp/hard\libc_nano.a(lib_a-memset.o)
 .data          0x00000000        0x0 d:/arm-none-eabi-gcc/bin/../lib/gcc/arm-none-eabi/10.3.1/../../../../arm-none-eabi/lib/thumb/v7e-m+fp/hard\libc_nano.a(lib_a-memset.o)
 .bss           0x00000000        0x0 d:/arm-none-eabi-gcc/bin/../lib/gcc/arm-none-eabi/10.3.1/../../../../arm-none-eabi/lib/thumb/v7e-m+fp/hard\libc_nano.a(lib_a-memset.o)
 .text.memset   0x00000000       0x10 d:/arm-none-eabi-gcc/bin/../lib/gcc/arm-none-eabi/10.3.1/../../../../arm-none-eabi/lib/thumb/v7e-m+fp/hard\libc_nano.a(lib_a-memset.o)
 .debug_frame   0x00000000       0x20 d:/arm-none-eabi-gcc/bin/../lib/gcc/arm-none-eabi/10.3.1/../../../../arm-none-eabi/lib/thumb/v7e-m+fp/hard\libc_nano.a(lib_a-memset.o)
 .ARM.attributes
                0x00000000       0x34 d:/arm-none-eabi-gcc/bin/../lib/gcc/arm-none-eabi/10.3.1/../../../../arm-none-eabi/lib/thumb/v7e-m+fp/hard\libc_nano.a(lib_a-memset.o)
 .text          0x00000000        0x0 d:/arm-none-eabi-gcc/bin/../lib/gcc/arm-none-eabi/10.3.1/../../../../arm-none-eabi/lib/thumb/v7e-m+fp/hard\libnosys.a(_exit.o)
 .data          0x00000000        0x0 d:/arm-none-eabi-gcc/bin/../lib/gcc/arm-none-eabi/10.3.1/../../../../arm-none-eabi/lib/thumb/v7e-m+fp/hard\libnosys.a(_exit.o)
 .bss           0x00000000        0x0 d:/arm-none-eabi-gcc/bin/../lib/gcc/arm-none-eabi/10.3.1/../../../../arm-none-eabi/lib/thumb/v7e-m+fp/hard\libnosys.a(_exit.o)
 .text._exit    0x00000000        0x4 d:/arm-none-eabi-gcc/bin/../lib/gcc/arm-none-eabi/10.3.1/../../../../arm-none-eabi/lib/thumb/v7e-m+fp/hard\libnosys.a(_exit.o)
 .debug_frame   0x00000000       0x20 d:/arm-none-eabi-gcc/bin/../lib/gcc/arm-none-eabi/10.3.1/../../../../arm-none-eabi/lib/thumb/v7e-m+fp/hard\libnosys.a(_exit.o)
 .ARM.attributes
                0x00000000       0x34 d:/arm-none-eabi-gcc/bin/../lib/gcc/arm-none-eabi/10.3.1/../../../../arm-none-eabi/lib/thumb/v7e-m+fp/hard\libnosys.a(_exit.o)
 .text          0x00000000        0x0 d:/arm-none-eabi-gcc/bin/../lib/gcc/arm-none-eabi/10.3.1/thumb/v7e-m+fp/hard/crtend.o
 .data          0x00000000        0x0 d:/arm-none-eabi-gcc/bin/../lib/gcc/arm-none-eabi/10.3.1/thumb/v7e-m+fp/hard/crtend.o
 .bss           0x00000000        0x0 d:/arm-none-eabi-gcc/bin/../lib/gcc/arm-none-eabi/10.3.1/thumb/v7e-m+fp/hard/crtend.o
 .rodata        0x00000000       0x24 d:/arm-none-eabi-gcc/bin/../lib/gcc/arm-none-eabi/10.3.1/thumb/v7e-m+fp/hard/crtend.o
 .eh_frame      0x00000000        0x4 d:/arm-none-eabi-gcc/bin/../lib/gcc/arm-none-eabi/10.3.1/thumb/v7e-m+fp/hard/crtend.o
 .ARM.attributes
                0x00000000       0x34 d:/arm-none-eabi-gcc/bin/../lib/gcc/arm-none-eabi/10.3.1/thumb/v7e-m+fp/hard/crtend.o
 .text          0x00000000        0x0 d:/arm-none-eabi-gcc/bin/../lib/gcc/arm-none-eabi/10.3.1/thumb/v7e-m+fp/hard/crtn.o
 .data          0x00000000        0x0 d:/arm-none-eabi-gcc/bin/../lib/gcc/arm-none-eabi/10.3.1/thumb/v7e-m+fp/hard/crtn.o
 .bss           0x00000000        0x0 d:/arm-none-eabi-gcc/bin/../lib/gcc/arm-none-eabi/10.3.1/thumb/v7e-m+fp/hard/crtn.o

Memory Configuration

Name             Origin             Length             Attributes
RAM              0x20000000         0x00020000         xrw
CCMRAM           0x10000000         0x00010000         xrw
FLASH            0x08000000         0x00080000         xr
*default*        0x00000000         0xffffffff

Linker script and memory map

LOAD d:/arm-none-eabi-gcc/bin/../lib/gcc/arm-none-eabi/10.3.1/thumb/v7e-m+fp/hard/crti.o
LOAD d:/arm-none-eabi-gcc/bin/../lib/gcc/arm-none-eabi/10.3.1/thumb/v7e-m+fp/hard/crtbegin.o
LOAD d:/arm-none-eabi-gcc/bin/../lib/gcc/arm-none-eabi/10.3.1/../../../../arm-none-eabi/lib/thumb/v7e-m+fp/hard/crt0.o
LOAD build/CodeSTM32.o
LOAD build/stm32f4xx_it.o
LOAD build/system_stm32f4xx.o
LOAD build/stm32f4xx_gpio.o
LOAD build/stm32f4xx_rcc.o
LOAD build/stm32f4xx_exti.o
LOAD build/stm32f4xx_tim.o
LOAD build/stm32f4xx_usart.o
LOAD build/misc.o
LOAD build/stm32f4xx_dma.o
LOAD build/stm32f4xx_syscfg.o
LOAD build/startup_stm32f407xx.o
LOAD d:/arm-none-eabi-gcc/bin/../lib/gcc/arm-none-eabi/10.3.1/../../../../arm-none-eabi/lib/thumb/v7e-m+fp/hard\libc_nano.a
LOAD d:/arm-none-eabi-gcc/bin/../lib/gcc/arm-none-eabi/10.3.1/../../../../arm-none-eabi/lib/thumb/v7e-m+fp/hard\libm.a
LOAD d:/arm-none-eabi-gcc/bin/../lib/gcc/arm-none-eabi/10.3.1/../../../../arm-none-eabi/lib/thumb/v7e-m+fp/hard\libnosys.a
START GROUP
LOAD d:/arm-none-eabi-gcc/bin/../lib/gcc/arm-none-eabi/10.3.1/thumb/v7e-m+fp/hard\libgcc.a
LOAD d:/arm-none-eabi-gcc/bin/../lib/gcc/arm-none-eabi/10.3.1/../../../../arm-none-eabi/lib/thumb/v7e-m+fp/hard\libc_nano.a
END GROUP
START GROUP
LOAD d:/arm-none-eabi-gcc/bin/../lib/gcc/arm-none-eabi/10.3.1/thumb/v7e-m+fp/hard\libgcc.a
LOAD d:/arm-none-eabi-gcc/bin/../lib/gcc/arm-none-eabi/10.3.1/../../../../arm-none-eabi/lib/thumb/v7e-m+fp/hard\libc_nano.a
END GROUP
LOAD d:/arm-none-eabi-gcc/bin/../lib/gcc/arm-none-eabi/10.3.1/thumb/v7e-m+fp/hard/crtend.o
LOAD d:/arm-none-eabi-gcc/bin/../lib/gcc/arm-none-eabi/10.3.1/thumb/v7e-m+fp/hard/crtn.o
                0x20020000                _estack = 0x20020000
                0x00000200                _Min_Heap_Size = 0x200
                0x00000400                _Min_Stack_Size = 0x400

.isr_vector     0x08000000      0x188
                0x08000000                . = ALIGN (0x4)
 *(.isr_vector)
 .isr_vector    0x08000000      0x188 build/startup_stm32f407xx.o
                0x08000000                g_pfnVectors
                0x08000188                . = ALIGN (0x4)

.text           0x08000188     0x13f4
                0x08000188                . = ALIGN (0x4)
 *(.text)
 .text          0x08000188       0x40 d:/arm-none-eabi-gcc/bin/../lib/gcc/arm-none-eabi/10.3.1/thumb/v7e-m+fp/hard/crtbegin.o
 *(.text*)
 .text.main     0x080001c8       0x24 build/CodeSTM32.o
                0x080001c8                main
 .text.TIMCounterConfig
                0x080001ec       0x44 build/CodeSTM32.o
                0x080001ec                TIMCounterConfig
 .text.TimerCaptureConf
                0x08000230      0x10c build/CodeSTM32.o
                0x08000230                TimerCaptureConf
 .text.USART_Config
                0x0800033c      0x1dc build/CodeSTM32.o
                0x0800033c                USART_Config
 .text.DMA2_Stream2_IRQHandler
                0x08000518       0x48 build/CodeSTM32.o
                0x08000518                DMA2_Stream2_IRQHandler
 .text.NMI_Handler
                0x08000560        0xe build/stm32f4xx_it.o
                0x08000560                NMI_Handler
 .text.HardFault_Handler
                0x0800056e        0x6 build/stm32f4xx_it.o
                0x0800056e                HardFault_Handler
 .text.MemManage_Handler
                0x08000574        0x6 build/stm32f4xx_it.o
                0x08000574                MemManage_Handler
 .text.BusFault_Handler
                0x0800057a        0x6 build/stm32f4xx_it.o
                0x0800057a                BusFault_Handler
 .text.UsageFault_Handler
                0x08000580        0x6 build/stm32f4xx_it.o
                0x08000580                UsageFault_Handler
 .text.SVC_Handler
                0x08000586        0xe build/stm32f4xx_it.o
                0x08000586                SVC_Handler
 .text.DebugMon_Handler
                0x08000594        0xe build/stm32f4xx_it.o
                0x08000594                DebugMon_Handler
 .text.PendSV_Handler
                0x080005a2        0xe build/stm32f4xx_it.o
                0x080005a2                PendSV_Handler
 .text.SysTick_Handler
                0x080005b0        0xe build/stm32f4xx_it.o
                0x080005b0                SysTick_Handler
 *fill*         0x080005be        0x2 
 .text.SystemInit
                0x080005c0       0x6c build/system_stm32f4xx.o
                0x080005c0                SystemInit
 .text.SetSysClock
                0x0800062c       0xf8 build/system_stm32f4xx.o
 .text.GPIO_Init
                0x08000724      0x11e build/stm32f4xx_gpio.o
                0x08000724                GPIO_Init
 .text.GPIO_SetBits
                0x08000842       0x1e build/stm32f4xx_gpio.o
                0x08000842                GPIO_SetBits
 .text.GPIO_PinAFConfig
                0x08000860       0x92 build/stm32f4xx_gpio.o
                0x08000860                GPIO_PinAFConfig
 *fill*         0x080008f2        0x2 
 .text.RCC_GetClocksFreq
                0x080008f4      0x15c build/stm32f4xx_rcc.o
                0x080008f4                RCC_GetClocksFreq
 .text.RCC_AHB1PeriphClockCmd
                0x08000a50       0x40 build/stm32f4xx_rcc.o
                0x08000a50                RCC_AHB1PeriphClockCmd
 .text.RCC_APB1PeriphClockCmd
                0x08000a90       0x40 build/stm32f4xx_rcc.o
                0x08000a90                RCC_APB1PeriphClockCmd
 .text.RCC_APB2PeriphClockCmd
                0x08000ad0       0x40 build/stm32f4xx_rcc.o
                0x08000ad0                RCC_APB2PeriphClockCmd
 .text.TIM_TimeBaseInit
                0x08000b10       0xd8 build/stm32f4xx_tim.o
                0x08000b10                TIM_TimeBaseInit
 .text.TIM_Cmd  0x08000be8       0x40 build/stm32f4xx_tim.o
                0x08000be8                TIM_Cmd
 .text.TIM_ICInit
                0x08000c28       0xa8 build/stm32f4xx_tim.o
                0x08000c28                TIM_ICInit
 .text.TIM_SetIC1Prescaler
                0x08000cd0       0x38 build/stm32f4xx_tim.o
                0x08000cd0                TIM_SetIC1Prescaler
 .text.TIM_SetIC2Prescaler
                0x08000d08       0x3c build/stm32f4xx_tim.o
                0x08000d08                TIM_SetIC2Prescaler
 .text.TIM_SetIC3Prescaler
                0x08000d44       0x38 build/stm32f4xx_tim.o
                0x08000d44                TIM_SetIC3Prescaler
 .text.TIM_SetIC4Prescaler
                0x08000d7c       0x3c build/stm32f4xx_tim.o
                0x08000d7c                TIM_SetIC4Prescaler
 .text.TIM_ITConfig
                0x08000db8       0x48 build/stm32f4xx_tim.o
                0x08000db8                TIM_ITConfig
 .text.TI1_Config
                0x08000e00       0x86 build/stm32f4xx_tim.o
 .text.TI2_Config
                0x08000e86       0x9a build/stm32f4xx_tim.o
 .text.TI3_Config
                0x08000f20       0x90 build/stm32f4xx_tim.o
 .text.TI4_Config
                0x08000fb0       0x9e build/stm32f4xx_tim.o
 *fill*         0x0800104e        0x2 
 .text.USART_Init
                0x08001050      0x174 build/stm32f4xx_usart.o
                0x08001050                USART_Init
 .text.USART_Cmd
                0x080011c4       0x40 build/stm32f4xx_usart.o
                0x080011c4                USART_Cmd
 .text.USART_DMACmd
                0x08001204       0x48 build/stm32f4xx_usart.o
                0x08001204                USART_DMACmd
 .text.NVIC_Init
                0x0800124c       0xc4 build/misc.o
                0x0800124c                NVIC_Init
 .text.DMA_Init
                0x08001310       0xb0 build/stm32f4xx_dma.o
                0x08001310                DMA_Init
 .text.DMA_Cmd  0x080013c0       0x38 build/stm32f4xx_dma.o
                0x080013c0                DMA_Cmd
 .text.DMA_ITConfig
                0x080013f8       0x74 build/stm32f4xx_dma.o
                0x080013f8                DMA_ITConfig
 .text.DMA_ClearITPendingBit
                0x0800146c       0x5c build/stm32f4xx_dma.o
                0x0800146c                DMA_ClearITPendingBit
 .text.Reset_Handler
                0x080014c8       0x50 build/startup_stm32f407xx.o
                0x080014c8                Reset_Handler
 .text.Default_Handler
                0x08001518        0x2 build/startup_stm32f407xx.o
                0x08001518                RTC_Alarm_IRQHandler
                0x08001518                HASH_RNG_IRQHandler
                0x08001518                EXTI2_IRQHandler
                0x08001518                TIM8_CC_IRQHandler
                0x08001518                TIM1_CC_IRQHandler
                0x08001518                DMA2_Stream5_IRQHandler
                0x08001518                DMA1_Stream5_IRQHandler
                0x08001518                PVD_IRQHandler
                0x08001518                SDIO_IRQHandler
                0x08001518                TAMP_STAMP_IRQHandler
                0x08001518                CAN2_RX1_IRQHandler
                0x08001518                EXTI3_IRQHandler
                0x08001518                TIM8_TRG_COM_TIM14_IRQHandler
                0x08001518                TIM1_UP_TIM10_IRQHandler
                0x08001518                TIM8_UP_TIM13_IRQHandler
                0x08001518                I2C3_ER_IRQHandler
                0x08001518                EXTI0_IRQHandler
                0x08001518                I2C2_EV_IRQHandler
                0x08001518                DMA1_Stream2_IRQHandler
                0x08001518                CAN1_RX0_IRQHandler
                0x08001518                FPU_IRQHandler
                0x08001518                OTG_HS_WKUP_IRQHandler
                0x08001518                CAN2_SCE_IRQHandler
                0x08001518                SPI1_IRQHandler
                0x08001518                TIM6_DAC_IRQHandler
                0x08001518                TIM1_BRK_TIM9_IRQHandler
                0x08001518                DCMI_IRQHandler
                0x08001518                CAN2_RX0_IRQHandler
                0x08001518                DMA2_Stream3_IRQHandler
                0x08001518                USART6_IRQHandler
                0x08001518                USART3_IRQHandler
                0x08001518                CAN1_RX1_IRQHandler
                0x08001518                UART5_IRQHandler
                0x08001518                DMA2_Stream0_IRQHandler
                0x08001518                TIM4_IRQHandler
                0x08001518                I2C1_EV_IRQHandler
                0x08001518                DMA1_Stream6_IRQHandler
                0x08001518                DMA1_Stream1_IRQHandler
                0x08001518                UART4_IRQHandler
                0x08001518                TIM3_IRQHandler
                0x08001518                RCC_IRQHandler
                0x08001518                TIM8_BRK_TIM12_IRQHandler
                0x08001518                Default_Handler
                0x08001518                EXTI15_10_IRQHandler
                0x08001518                ADC_IRQHandler
                0x08001518                DMA1_Stream7_IRQHandler
                0x08001518                TIM7_IRQHandler
                0x08001518                CAN2_TX_IRQHandler
                0x08001518                TIM5_IRQHandler
                0x08001518                DMA2_Stream7_IRQHandler
                0x08001518                I2C3_EV_IRQHandler
                0x08001518                EXTI9_5_IRQHandler
                0x08001518                RTC_WKUP_IRQHandler
                0x08001518                ETH_WKUP_IRQHandler
                0x08001518                SPI2_IRQHandler
                0x08001518                OTG_HS_EP1_IN_IRQHandler
                0x08001518                DMA1_Stream0_IRQHandler
                0x08001518                CAN1_TX_IRQHandler
                0x08001518                EXTI4_IRQHandler
                0x08001518                FSMC_IRQHandler
                0x08001518                ETH_IRQHandler
                0x08001518                OTG_HS_EP1_OUT_IRQHandler
                0x08001518                WWDG_IRQHandler
                0x08001518                TIM2_IRQHandler
                0x08001518                OTG_FS_WKUP_IRQHandler
                0x08001518                TIM1_TRG_COM_TIM11_IRQHandler
                0x08001518                OTG_HS_IRQHandler
                0x08001518                EXTI1_IRQHandler
                0x08001518                USART2_IRQHandler
                0x08001518                I2C2_ER_IRQHandler
                0x08001518                DMA2_Stream1_IRQHandler
                0x08001518                CAN1_SCE_IRQHandler
                0x08001518                FLASH_IRQHandler
                0x08001518                DMA2_Stream4_IRQHandler
                0x08001518                USART1_IRQHandler
                0x08001518                OTG_FS_IRQHandler
                0x08001518                SPI3_IRQHandler
                0x08001518                DMA1_Stream4_IRQHandler
                0x08001518                I2C1_ER_IRQHandler
                0x08001518                DMA2_Stream6_IRQHandler
                0x08001518                DMA1_Stream3_IRQHandler
 *fill*         0x0800151a        0x2 
 .text.__libc_init_array
                0x0800151c       0x48 d:/arm-none-eabi-gcc/bin/../lib/gcc/arm-none-eabi/10.3.1/../../../../arm-none-eabi/lib/thumb/v7e-m+fp/hard\libc_nano.a(lib_a-init.o)
                0x0800151c                __libc_init_array
 *(.glue_7)
 .glue_7        0x08001564        0x0 linker stubs
 *(.glue_7t)
 .glue_7t       0x08001564        0x0 linker stubs
 *(.eh_frame)
 .eh_frame      0x08001564        0x0 d:/arm-none-eabi-gcc/bin/../lib/gcc/arm-none-eabi/10.3.1/thumb/v7e-m+fp/hard/crtbegin.o
 *(.init)
 .init          0x08001564        0x4 d:/arm-none-eabi-gcc/bin/../lib/gcc/arm-none-eabi/10.3.1/thumb/v7e-m+fp/hard/crti.o
                0x08001564                _init
 .init          0x08001568        0x8 d:/arm-none-eabi-gcc/bin/../lib/gcc/arm-none-eabi/10.3.1/thumb/v7e-m+fp/hard/crtn.o
 *(.fini)
 .fini          0x08001570        0x4 d:/arm-none-eabi-gcc/bin/../lib/gcc/arm-none-eabi/10.3.1/thumb/v7e-m+fp/hard/crti.o
                0x08001570                _fini
 .fini          0x08001574        0x8 d:/arm-none-eabi-gcc/bin/../lib/gcc/arm-none-eabi/10.3.1/thumb/v7e-m+fp/hard/crtn.o
                0x0800157c                . = ALIGN (0x4)
                0x0800157c                _etext = .

.vfp11_veneer   0x0800157c        0x0
 .vfp11_veneer  0x0800157c        0x0 linker stubs

.v4_bx          0x0800157c        0x0
 .v4_bx         0x0800157c        0x0 linker stubs

.iplt           0x0800157c        0x0
 .iplt          0x0800157c        0x0 d:/arm-none-eabi-gcc/bin/../lib/gcc/arm-none-eabi/10.3.1/thumb/v7e-m+fp/hard/crtbegin.o

.rel.dyn        0x0800157c        0x0
 .rel.iplt      0x0800157c        0x0 d:/arm-none-eabi-gcc/bin/../lib/gcc/arm-none-eabi/10.3.1/thumb/v7e-m+fp/hard/crtbegin.o

.rodata         0x0800157c        0x0
                0x0800157c                . = ALIGN (0x4)
 *(.rodata)
 *(.rodata*)
                0x0800157c                . = ALIGN (0x4)

.ARM.extab
 *(.ARM.extab* .gnu.linkonce.armextab.*)

.ARM            0x0800157c        0x0
                0x0800157c                __exidx_start = .
 *(.ARM.exidx*)
                0x0800157c                __exidx_end = .

.preinit_array  0x0800157c        0x0
                0x0800157c                PROVIDE (__preinit_array_start = .)
 *(.preinit_array*)
                0x0800157c                PROVIDE (__preinit_array_end = .)

.init_array     0x0800157c        0x4
                0x0800157c                PROVIDE (__init_array_start = .)
 *(SORT_BY_NAME(.init_array.*))
 *(.init_array*)
 .init_array    0x0800157c        0x4 d:/arm-none-eabi-gcc/bin/../lib/gcc/arm-none-eabi/10.3.1/thumb/v7e-m+fp/hard/crtbegin.o
                0x08001580                PROVIDE (__init_array_end = .)

.fini_array     0x08001580        0x4
                [!provide]                PROVIDE (__fini_array_start = .)
 *(SORT_BY_NAME(.fini_array.*))
 *(.fini_array*)
 .fini_array    0x08001580        0x4 d:/arm-none-eabi-gcc/bin/../lib/gcc/arm-none-eabi/10.3.1/thumb/v7e-m+fp/hard/crtbegin.o
                [!provide]                PROVIDE (__fini_array_end = .)
                0x08001584                _sidata = LOADADDR (.data)

.data           0x20000000       0x10 load address 0x08001584
                0x20000000                . = ALIGN (0x4)
                0x20000000                _sdata = .
 *(.data)
 *(.data*)
 .data.APBAHBPrescTable
                0x20000000       0x10 build/stm32f4xx_rcc.o
                0x20000010                . = ALIGN (0x4)
                0x20000010                _edata = .
                0x08001594                _siccmram = LOADADDR (.ccmram)

.igot.plt       0x20000010        0x0 load address 0x08001594
 .igot.plt      0x20000010        0x0 d:/arm-none-eabi-gcc/bin/../lib/gcc/arm-none-eabi/10.3.1/thumb/v7e-m+fp/hard/crtbegin.o

.ccmram         0x10000000        0x0 load address 0x08001594
                0x10000000                . = ALIGN (0x4)
                0x10000000                _sccmram = .
 *(.ccmram)
 *(.ccmram*)
                0x10000000                . = ALIGN (0x4)
                0x10000000                _eccmram = .
                0x10000000                . = ALIGN (0x4)

.bss            0x20000010       0x98
                0x20000010                _sbss = .
                0x20000010                __bss_start__ = _sbss
 *(.bss)
 .bss           0x20000010       0x1c d:/arm-none-eabi-gcc/bin/../lib/gcc/arm-none-eabi/10.3.1/thumb/v7e-m+fp/hard/crtbegin.o
 *(.bss*)
 .bss.rxbuff    0x2000002c        0x1 build/CodeSTM32.o
                0x2000002c                rxbuff
 *fill*         0x2000002d        0x3 
 .bss.txbuff    0x20000030        0x1 build/CodeSTM32.o
                0x20000030                txbuff
 *fill*         0x20000031        0x3 
 .bss.run       0x20000034        0x4 build/CodeSTM32.o
                0x20000034                run
 .bss.GPIO_InitStruct
                0x20000038        0x8 build/CodeSTM32.o
                0x20000038                GPIO_InitStruct
 .bss.NVIC_InitStructure
                0x20000040        0x4 build/CodeSTM32.o
                0x20000040                NVIC_InitStructure
 .bss.TIM_TimeBaseInitStructre
                0x20000044        0xc build/CodeSTM32.o
                0x20000044                TIM_TimeBaseInitStructre
 .bss.TimerIC_Confi
                0x20000050        0xa build/CodeSTM32.o
                0x20000050                TimerIC_Confi
 *fill*         0x2000005a        0x2 
 .bss.USART_InitStructure
                0x2000005c       0x10 build/CodeSTM32.o
                0x2000005c                USART_InitStructure
 .bss.DMA_InitStructure
                0x2000006c       0x3c build/CodeSTM32.o
                0x2000006c                DMA_InitStructure
 *(COMMON)
                0x200000a8                . = ALIGN (0x4)
                0x200000a8                _ebss = .
                0x200000a8                __bss_end__ = _ebss

._user_heap_stack
                0x200000a8      0x600
                0x200000a8                . = ALIGN (0x8)
                [!provide]                PROVIDE (end = .)
                [!provide]                PROVIDE (_end = .)
                0x200002a8                . = (. + _Min_Heap_Size)
 *fill*         0x200000a8      0x200 
                0x200006a8                . = (. + _Min_Stack_Size)
 *fill*         0x200002a8      0x400 
                0x200006a8                . = ALIGN (0x8)

/DISCARD/
 libc.a(*)
 libm.a(*)
 libgcc.a(*)

.ARM.attributes
                0x00000000       0x30
 *(.ARM.attributes)
 .ARM.attributes
                0x00000000       0x1e d:/arm-none-eabi-gcc/bin/../lib/gcc/arm-none-eabi/10.3.1/thumb/v7e-m+fp/hard/crti.o
 .ARM.attributes
                0x0000001e       0x34 d:/arm-none-eabi-gcc/bin/../lib/gcc/arm-none-eabi/10.3.1/thumb/v7e-m+fp/hard/crtbegin.o
 .ARM.attributes
                0x00000052       0x34 build/CodeSTM32.o
 .ARM.attributes
                0x00000086       0x34 build/stm32f4xx_it.o
 .ARM.attributes
                0x000000ba       0x34 build/system_stm32f4xx.o
 .ARM.attributes
                0x000000ee       0x34 build/stm32f4xx_gpio.o
 .ARM.attributes
                0x00000122       0x34 build/stm32f4xx_rcc.o
 .ARM.attributes
                0x00000156       0x34 build/stm32f4xx_tim.o
 .ARM.attributes
                0x0000018a       0x34 build/stm32f4xx_usart.o
 .ARM.attributes
                0x000001be       0x34 build/misc.o
 .ARM.attributes
                0x000001f2       0x34 build/stm32f4xx_dma.o
 .ARM.attributes
                0x00000226       0x21 build/startup_stm32f407xx.o
 .ARM.attributes
                0x00000247       0x34 d:/arm-none-eabi-gcc/bin/../lib/gcc/arm-none-eabi/10.3.1/../../../../arm-none-eabi/lib/thumb/v7e-m+fp/hard\libc_nano.a(lib_a-init.o)
 .ARM.attributes
                0x0000027b       0x1e d:/arm-none-eabi-gcc/bin/../lib/gcc/arm-none-eabi/10.3.1/thumb/v7e-m+fp/hard/crtn.o
OUTPUT(build/template.elf elf32-littlearm)
LOAD linker stubs
LOAD d:/arm-none-eabi-gcc/bin/../lib/gcc/arm-none-eabi/10.3.1/../../../../arm-none-eabi/lib/thumb/v7e-m+fp/hard\libc.a
LOAD d:/arm-none-eabi-gcc/bin/../lib/gcc/arm-none-eabi/10.3.1/../../../../arm-none-eabi/lib/thumb/v7e-m+fp/hard\libm.a
LOAD d:/arm-none-eabi-gcc/bin/../lib/gcc/arm-none-eabi/10.3.1/thumb/v7e-m+fp/hard\libgcc.a

.debug_info     0x00000000     0x65fc
 .debug_info    0x00000000      0xd95 build/CodeSTM32.o
 .debug_info    0x00000d95      0x13f build/stm32f4xx_it.o
 .debug_info    0x00000ed4      0x6da build/system_stm32f4xx.o
 .debug_info    0x000015ae      0x6b1 build/stm32f4xx_gpio.o
 .debug_info    0x00001c5f     0x1061 build/stm32f4xx_rcc.o
 .debug_info    0x00002cc0     0x2036 build/stm32f4xx_tim.o
 .debug_info    0x00004cf6      0xaff build/stm32f4xx_usart.o
 .debug_info    0x000057f5      0x5d0 build/misc.o
 .debug_info    0x00005dc5      0x815 build/stm32f4xx_dma.o
 .debug_info    0x000065da       0x22 build/startup_stm32f407xx.o

.debug_abbrev   0x00000000      0xcc1
 .debug_abbrev  0x00000000      0x191 build/CodeSTM32.o
 .debug_abbrev  0x00000191       0x46 build/stm32f4xx_it.o
 .debug_abbrev  0x000001d7      0x167 build/system_stm32f4xx.o
 .debug_abbrev  0x0000033e      0x1c2 build/stm32f4xx_gpio.o
 .debug_abbrev  0x00000500      0x1d5 build/stm32f4xx_rcc.o
 .debug_abbrev  0x000006d5      0x19e build/stm32f4xx_tim.o
 .debug_abbrev  0x00000873      0x184 build/stm32f4xx_usart.o
 .debug_abbrev  0x000009f7      0x150 build/misc.o
 .debug_abbrev  0x00000b47      0x168 build/stm32f4xx_dma.o
 .debug_abbrev  0x00000caf       0x12 build/startup_stm32f407xx.o

.debug_loc      0x00000000     0x5000
 .debug_loc     0x00000000      0x1b4 build/CodeSTM32.o
 .debug_loc     0x000001b4      0x204 build/stm32f4xx_it.o
 .debug_loc     0x000003b8       0xe4 build/system_stm32f4xx.o
 .debug_loc     0x0000049c      0x4fc build/stm32f4xx_gpio.o
 .debug_loc     0x00000998     0x12b8 build/stm32f4xx_rcc.o
 .debug_loc     0x00001c50     0x20bc build/stm32f4xx_tim.o
 .debug_loc     0x00003d0c      0xa54 build/stm32f4xx_usart.o
 .debug_loc     0x00004760      0x1cc build/misc.o
 .debug_loc     0x0000492c      0x6d4 build/stm32f4xx_dma.o

.debug_aranges  0x00000000      0x840
 .debug_aranges
                0x00000000       0x58 build/CodeSTM32.o
 .debug_aranges
                0x00000058       0x60 build/stm32f4xx_it.o
 .debug_aranges
                0x000000b8       0x30 build/system_stm32f4xx.o
 .debug_aranges
                0x000000e8       0x88 build/stm32f4xx_gpio.o
 .debug_aranges
                0x00000170      0x1c0 build/stm32f4xx_rcc.o
 .debug_aranges
                0x00000330      0x2f8 build/stm32f4xx_tim.o
 .debug_aranges
                0x00000628      0x100 build/stm32f4xx_usart.o
 .debug_aranges
                0x00000728       0x40 build/misc.o
 .debug_aranges
                0x00000768       0xb0 build/stm32f4xx_dma.o
 .debug_aranges
                0x00000818       0x28 build/startup_stm32f407xx.o

.debug_ranges   0x00000000      0x7a8
 .debug_ranges  0x00000000       0x48 build/CodeSTM32.o
 .debug_ranges  0x00000048       0x50 build/stm32f4xx_it.o
 .debug_ranges  0x00000098       0x20 build/system_stm32f4xx.o
 .debug_ranges  0x000000b8       0x78 build/stm32f4xx_gpio.o
 .debug_ranges  0x00000130      0x1b0 build/stm32f4xx_rcc.o
 .debug_ranges  0x000002e0      0x2e8 build/stm32f4xx_tim.o
 .debug_ranges  0x000005c8       0xf0 build/stm32f4xx_usart.o
 .debug_ranges  0x000006b8       0x30 build/misc.o
 .debug_ranges  0x000006e8       0xa0 build/stm32f4xx_dma.o
 .debug_ranges  0x00000788       0x20 build/startup_stm32f407xx.o

.debug_line     0x00000000     0x35db
 .debug_line    0x00000000      0x3d3 build/CodeSTM32.o
 .debug_line    0x000003d3       0xf4 build/stm32f4xx_it.o
 .debug_line    0x000004c7      0x2b7 build/system_stm32f4xx.o
 .debug_line    0x0000077e      0x46a build/stm32f4xx_gpio.o
 .debug_line    0x00000be8      0xa1c build/stm32f4xx_rcc.o
 .debug_line    0x00001604     0x1077 build/stm32f4xx_tim.o
 .debug_line    0x0000267b      0x6aa build/stm32f4xx_usart.o
 .debug_line    0x00002d25      0x26d build/misc.o
 .debug_line    0x00002f92      0x5d6 build/stm32f4xx_dma.o
 .debug_line    0x00003568       0x73 build/startup_stm32f407xx.o

.debug_str      0x00000000     0x297e
 .debug_str     0x00000000      0xd01 build/CodeSTM32.o
                                0xd66 (size before relaxing)
 .debug_str     0x00000d01       0xcf build/stm32f4xx_it.o
                                0x1f8 (size before relaxing)
 .debug_str     0x00000dd0      0x1e1 build/system_stm32f4xx.o
                                0x3d4 (size before relaxing)
 .debug_str     0x00000fb1      0x18b build/stm32f4xx_gpio.o
                                0x4bb (size before relaxing)
 .debug_str     0x0000113c      0x6b4 build/stm32f4xx_rcc.o
                                0x9dd (size before relaxing)
 .debug_str     0x000017f0      0xa1a build/stm32f4xx_tim.o
                                0xdeb (size before relaxing)
 .debug_str     0x0000220a      0x39f build/stm32f4xx_usart.o
                                0x6aa (size before relaxing)
 .debug_str     0x000025a9      0x14f build/misc.o
                                0x3e9 (size before relaxing)
 .debug_str     0x000026f8      0x262 build/stm32f4xx_dma.o
                                0x55d (size before relaxing)
 .debug_str     0x0000295a       0x24 build/startup_stm32f407xx.o
                                 0x50 (size before relaxing)

.comment        0x00000000       0x49
 .comment       0x00000000       0x49 build/CodeSTM32.o
                                 0x4a (size before relaxing)
 .comment       0x00000049       0x4a build/stm32f4xx_it.o
 .comment       0x00000049       0x4a build/system_stm32f4xx.o
 .comment       0x00000049       0x4a build/stm32f4xx_gpio.o
 .comment       0x00000049       0x4a build/stm32f4xx_rcc.o
 .comment       0x00000049       0x4a build/stm32f4xx_tim.o
 .comment       0x00000049       0x4a build/stm32f4xx_usart.o
 .comment       0x00000049       0x4a build/misc.o
 .comment       0x00000049       0x4a build/stm32f4xx_dma.o

.debug_frame    0x00000000     0x23f8
 .debug_frame   0x00000000      0x104 build/CodeSTM32.o
 .debug_frame   0x00000104      0x110 build/stm32f4xx_it.o
 .debug_frame   0x00000214       0x7c build/system_stm32f4xx.o
 .debug_frame   0x00000290      0x23c build/stm32f4xx_gpio.o
 .debug_frame   0x000004cc      0x83c build/stm32f4xx_rcc.o
 .debug_frame   0x00000d08      0xe54 build/stm32f4xx_tim.o
 .debug_frame   0x00001b5c      0x490 build/stm32f4xx_usart.o
 .debug_frame   0x00001fec       0xd8 build/misc.o
 .debug_frame   0x000020c4      0x308 build/stm32f4xx_dma.o
 .debug_frame   0x000023cc       0x2c d:/arm-none-eabi-gcc/bin/../lib/gcc/arm-none-eabi/10.3.1/../../../../arm-none-eabi/lib/thumb/v7e-m+fp/hard\libc_nano.a(lib_a-init.o)

Cross Reference Table

Symbol                                            File
ADC_IRQHandler                                    build/startup_stm32f407xx.o
AHBPrescTable                                     build/system_stm32f4xx.o
BusFault_Handler                                  build/stm32f4xx_it.o
CAN1_RX0_IRQHandler                               build/startup_stm32f407xx.o
CAN1_RX1_IRQHandler                               build/startup_stm32f407xx.o
CAN1_SCE_IRQHandler                               build/startup_stm32f407xx.o
CAN1_TX_IRQHandler                                build/startup_stm32f407xx.o
CAN2_RX0_IRQHandler                               build/startup_stm32f407xx.o
CAN2_RX1_IRQHandler                               build/startup_stm32f407xx.o
CAN2_SCE_IRQHandler                               build/startup_stm32f407xx.o
CAN2_TX_IRQHandler                                build/startup_stm32f407xx.o
DCMI_IRQHandler                                   build/startup_stm32f407xx.o
DMA1_Stream0_IRQHandler                           build/startup_stm32f407xx.o
DMA1_Stream1_IRQHandler                           build/startup_stm32f407xx.o
DMA1_Stream2_IRQHandler                           build/startup_stm32f407xx.o
DMA1_Stream3_IRQHandler                           build/startup_stm32f407xx.o
DMA1_Stream4_IRQHandler                           build/startup_stm32f407xx.o
DMA1_Stream5_IRQHandler                           build/startup_stm32f407xx.o
DMA1_Stream6_IRQHandler                           build/startup_stm32f407xx.o
DMA1_Stream7_IRQHandler                           build/startup_stm32f407xx.o
DMA2_Stream0_IRQHandler                           build/startup_stm32f407xx.o
DMA2_Stream1_IRQHandler                           build/startup_stm32f407xx.o
DMA2_Stream2_IRQHandler                           build/CodeSTM32.o
DMA2_Stream3_IRQHandler                           build/startup_stm32f407xx.o
DMA2_Stream4_IRQHandler                           build/startup_stm32f407xx.o
DMA2_Stream5_IRQHandler                           build/startup_stm32f407xx.o
DMA2_Stream6_IRQHandler                           build/startup_stm32f407xx.o
DMA2_Stream7_IRQHandler                           build/startup_stm32f407xx.o
DMA_ClearFlag                                     build/stm32f4xx_dma.o
                                                  build/CodeSTM32.o
DMA_ClearITPendingBit                             build/stm32f4xx_dma.o
                                                  build/CodeSTM32.o
DMA_Cmd                                           build/stm32f4xx_dma.o
                                                  build/CodeSTM32.o
DMA_DeInit                                        build/stm32f4xx_dma.o
DMA_DoubleBufferModeCmd                           build/stm32f4xx_dma.o
DMA_DoubleBufferModeConfig                        build/stm32f4xx_dma.o
DMA_FlowControllerConfig                          build/stm32f4xx_dma.o
DMA_GetCmdStatus                                  build/stm32f4xx_dma.o
DMA_GetCurrDataCounter                            build/stm32f4xx_dma.o
DMA_GetCurrentMemoryTarget                        build/stm32f4xx_dma.o
DMA_GetFIFOStatus                                 build/stm32f4xx_dma.o
DMA_GetFlagStatus                                 build/stm32f4xx_dma.o
DMA_GetITStatus                                   build/stm32f4xx_dma.o
DMA_ITConfig                                      build/stm32f4xx_dma.o
                                                  build/CodeSTM32.o
DMA_Init                                          build/stm32f4xx_dma.o
                                                  build/CodeSTM32.o
DMA_InitStructure                                 build/CodeSTM32.o
DMA_MemoryTargetConfig                            build/stm32f4xx_dma.o
DMA_PeriphIncOffsetSizeConfig                     build/stm32f4xx_dma.o
DMA_SetCurrDataCounter                            build/stm32f4xx_dma.o
DMA_StructInit                                    build/stm32f4xx_dma.o
DebugMon_Handler                                  build/stm32f4xx_it.o
Default_Handler                                   build/startup_stm32f407xx.o
ETH_IRQHandler                                    build/startup_stm32f407xx.o
ETH_WKUP_IRQHandler                               build/startup_stm32f407xx.o
EXTI0_IRQHandler                                  build/startup_stm32f407xx.o
EXTI15_10_IRQHandler                              build/startup_stm32f407xx.o
EXTI1_IRQHandler                                  build/startup_stm32f407xx.o
EXTI2_IRQHandler                                  build/startup_stm32f407xx.o
EXTI3_IRQHandler                                  build/startup_stm32f407xx.o
EXTI4_IRQHandler                                  build/startup_stm32f407xx.o
EXTI9_5_IRQHandler                                build/startup_stm32f407xx.o
EXTI_ClearFlag                                    build/stm32f4xx_exti.o
EXTI_ClearITPendingBit                            build/stm32f4xx_exti.o
EXTI_DeInit                                       build/stm32f4xx_exti.o
EXTI_GenerateSWInterrupt                          build/stm32f4xx_exti.o
EXTI_GetFlagStatus                                build/stm32f4xx_exti.o
EXTI_GetITStatus                                  build/stm32f4xx_exti.o
EXTI_Init                                         build/stm32f4xx_exti.o
EXTI_StructInit                                   build/stm32f4xx_exti.o
FLASH_IRQHandler                                  build/startup_stm32f407xx.o
FPU_IRQHandler                                    build/startup_stm32f407xx.o
FSMC_IRQHandler                                   build/startup_stm32f407xx.o
GPIO_DeInit                                       build/stm32f4xx_gpio.o
GPIO_Init                                         build/stm32f4xx_gpio.o
                                                  build/CodeSTM32.o
GPIO_InitStruct                                   build/CodeSTM32.o
GPIO_PinAFConfig                                  build/stm32f4xx_gpio.o
                                                  build/CodeSTM32.o
GPIO_PinLockConfig                                build/stm32f4xx_gpio.o
GPIO_ReadInputData                                build/stm32f4xx_gpio.o
GPIO_ReadInputDataBit                             build/stm32f4xx_gpio.o
GPIO_ReadOutputData                               build/stm32f4xx_gpio.o
GPIO_ReadOutputDataBit                            build/stm32f4xx_gpio.o
GPIO_ResetBits                                    build/stm32f4xx_gpio.o
GPIO_SetBits                                      build/stm32f4xx_gpio.o
                                                  build/CodeSTM32.o
GPIO_StructInit                                   build/stm32f4xx_gpio.o
GPIO_ToggleBits                                   build/stm32f4xx_gpio.o
                                                  build/CodeSTM32.o
GPIO_Write                                        build/stm32f4xx_gpio.o
GPIO_WriteBit                                     build/stm32f4xx_gpio.o
HASH_RNG_IRQHandler                               build/startup_stm32f407xx.o
HardFault_Handler                                 build/stm32f4xx_it.o
I2C1_ER_IRQHandler                                build/startup_stm32f407xx.o
I2C1_EV_IRQHandler                                build/startup_stm32f407xx.o
I2C2_ER_IRQHandler                                build/startup_stm32f407xx.o
I2C2_EV_IRQHandler                                build/startup_stm32f407xx.o
I2C3_ER_IRQHandler                                build/startup_stm32f407xx.o
I2C3_EV_IRQHandler                                build/startup_stm32f407xx.o
MemManage_Handler                                 build/stm32f4xx_it.o
NMI_Handler                                       build/stm32f4xx_it.o
NVIC_Init                                         build/misc.o
                                                  build/CodeSTM32.o
NVIC_InitStructure                                build/CodeSTM32.o
NVIC_PriorityGroupConfig                          build/misc.o
NVIC_SetVectorTable                               build/misc.o
NVIC_SystemLPConfig                               build/misc.o
OTG_FS_IRQHandler                                 build/startup_stm32f407xx.o
OTG_FS_WKUP_IRQHandler                            build/startup_stm32f407xx.o
OTG_HS_EP1_IN_IRQHandler                          build/startup_stm32f407xx.o
OTG_HS_EP1_OUT_IRQHandler                         build/startup_stm32f407xx.o
OTG_HS_IRQHandler                                 build/startup_stm32f407xx.o
OTG_HS_WKUP_IRQHandler                            build/startup_stm32f407xx.o
PCTransmission                                    build/CodeSTM32.o
PVD_IRQHandler                                    build/startup_stm32f407xx.o
PendSV_Handler                                    build/stm32f4xx_it.o
RCC_AHB1PeriphClockCmd                            build/stm32f4xx_rcc.o
                                                  build/CodeSTM32.o
RCC_AHB1PeriphClockLPModeCmd                      build/stm32f4xx_rcc.o
RCC_AHB1PeriphResetCmd                            build/stm32f4xx_rcc.o
                                                  build/stm32f4xx_gpio.o
RCC_AHB2PeriphClockCmd                            build/stm32f4xx_rcc.o
RCC_AHB2PeriphClockLPModeCmd                      build/stm32f4xx_rcc.o
RCC_AHB2PeriphResetCmd                            build/stm32f4xx_rcc.o
RCC_AHB3PeriphClockCmd                            build/stm32f4xx_rcc.o
RCC_AHB3PeriphClockLPModeCmd                      build/stm32f4xx_rcc.o
RCC_AHB3PeriphResetCmd                            build/stm32f4xx_rcc.o
RCC_APB1PeriphClockCmd                            build/stm32f4xx_rcc.o
                                                  build/CodeSTM32.o
RCC_APB1PeriphClockLPModeCmd                      build/stm32f4xx_rcc.o
RCC_APB1PeriphResetCmd                            build/stm32f4xx_rcc.o
                                                  build/stm32f4xx_usart.o
                                                  build/stm32f4xx_tim.o
RCC_APB2PeriphClockCmd                            build/stm32f4xx_rcc.o
                                                  build/CodeSTM32.o
RCC_APB2PeriphClockLPModeCmd                      build/stm32f4xx_rcc.o
RCC_APB2PeriphResetCmd                            build/stm32f4xx_rcc.o
                                                  build/stm32f4xx_syscfg.o
                                                  build/stm32f4xx_usart.o
                                                  build/stm32f4xx_tim.o
RCC_AdjustHSICalibrationValue                     build/stm32f4xx_rcc.o
RCC_BackupResetCmd                                build/stm32f4xx_rcc.o
RCC_ClearFlag                                     build/stm32f4xx_rcc.o
RCC_ClearITPendingBit                             build/stm32f4xx_rcc.o
RCC_ClockSecuritySystemCmd                        build/stm32f4xx_rcc.o
RCC_DeInit                                        build/stm32f4xx_rcc.o
RCC_GetClocksFreq                                 build/stm32f4xx_rcc.o
                                                  build/stm32f4xx_usart.o
RCC_GetFlagStatus                                 build/stm32f4xx_rcc.o
RCC_GetITStatus                                   build/stm32f4xx_rcc.o
RCC_GetSYSCLKSource                               build/stm32f4xx_rcc.o
RCC_HCLKConfig                                    build/stm32f4xx_rcc.o
RCC_HSEConfig                                     build/stm32f4xx_rcc.o
RCC_HSICmd                                        build/stm32f4xx_rcc.o
RCC_I2SCLKConfig                                  build/stm32f4xx_rcc.o
RCC_IRQHandler                                    build/startup_stm32f407xx.o
RCC_ITConfig                                      build/stm32f4xx_rcc.o
RCC_LSEConfig                                     build/stm32f4xx_rcc.o
RCC_LSEModeConfig                                 build/stm32f4xx_rcc.o
RCC_LSICmd                                        build/stm32f4xx_rcc.o
RCC_LTDCCLKDivConfig                              build/stm32f4xx_rcc.o
RCC_MCO1Config                                    build/stm32f4xx_rcc.o
RCC_MCO2Config                                    build/stm32f4xx_rcc.o
RCC_PCLK1Config                                   build/stm32f4xx_rcc.o
RCC_PCLK2Config                                   build/stm32f4xx_rcc.o
RCC_PLLCmd                                        build/stm32f4xx_rcc.o
RCC_PLLConfig                                     build/stm32f4xx_rcc.o
RCC_PLLI2SCmd                                     build/stm32f4xx_rcc.o
RCC_PLLI2SConfig                                  build/stm32f4xx_rcc.o
RCC_PLLSAICmd                                     build/stm32f4xx_rcc.o
RCC_PLLSAIConfig                                  build/stm32f4xx_rcc.o
RCC_RTCCLKCmd                                     build/stm32f4xx_rcc.o
RCC_RTCCLKConfig                                  build/stm32f4xx_rcc.o
RCC_SAIBlockACLKConfig                            build/stm32f4xx_rcc.o
RCC_SAIBlockBCLKConfig                            build/stm32f4xx_rcc.o
RCC_SAIPLLI2SClkDivConfig                         build/stm32f4xx_rcc.o
RCC_SAIPLLSAIClkDivConfig                         build/stm32f4xx_rcc.o
RCC_SYSCLKConfig                                  build/stm32f4xx_rcc.o
RCC_TIMCLKPresConfig                              build/stm32f4xx_rcc.o
RCC_WaitForHSEStartUp                             build/stm32f4xx_rcc.o
RTC_Alarm_IRQHandler                              build/startup_stm32f407xx.o
RTC_WKUP_IRQHandler                               build/startup_stm32f407xx.o
Reset_Handler                                     build/startup_stm32f407xx.o
SDIO_IRQHandler                                   build/startup_stm32f407xx.o
SPI1_IRQHandler                                   build/startup_stm32f407xx.o
SPI2_IRQHandler                                   build/startup_stm32f407xx.o
SPI3_IRQHandler                                   build/startup_stm32f407xx.o
SVC_Handler                                       build/stm32f4xx_it.o
SYSCFG_CompensationCellCmd                        build/stm32f4xx_syscfg.o
SYSCFG_DeInit                                     build/stm32f4xx_syscfg.o
SYSCFG_ETH_MediaInterfaceConfig                   build/stm32f4xx_syscfg.o
SYSCFG_EXTILineConfig                             build/stm32f4xx_syscfg.o
SYSCFG_GetCompensationCellStatus                  build/stm32f4xx_syscfg.o
SYSCFG_MemoryRemapConfig                          build/stm32f4xx_syscfg.o
SYSCFG_MemorySwappingBank                         build/stm32f4xx_syscfg.o
SysTick_CLKSourceConfig                           build/misc.o
SysTick_Handler                                   build/stm32f4xx_it.o
SystemCoreClock                                   build/system_stm32f4xx.o
SystemCoreClockUpdate                             build/system_stm32f4xx.o
SystemInit                                        build/system_stm32f4xx.o
                                                  build/startup_stm32f407xx.o
                                                  build/CodeSTM32.o
TAMP_STAMP_IRQHandler                             build/startup_stm32f407xx.o
TIM1_BRK_TIM9_IRQHandler                          build/startup_stm32f407xx.o
TIM1_CC_IRQHandler                                build/startup_stm32f407xx.o
TIM1_TRG_COM_TIM11_IRQHandler                     build/startup_stm32f407xx.o
TIM1_UP_TIM10_IRQHandler                          build/startup_stm32f407xx.o
TIM2_IRQHandler                                   build/startup_stm32f407xx.o
TIM3_IRQHandler                                   build/startup_stm32f407xx.o
TIM4_IRQHandler                                   build/startup_stm32f407xx.o
TIM5_IRQHandler                                   build/startup_stm32f407xx.o
TIM6_DAC_IRQHandler                               build/startup_stm32f407xx.o
TIM7_IRQHandler                                   build/startup_stm32f407xx.o
TIM8_BRK_TIM12_IRQHandler                         build/startup_stm32f407xx.o
TIM8_CC_IRQHandler                                build/startup_stm32f407xx.o
TIM8_TRG_COM_TIM14_IRQHandler                     build/startup_stm32f407xx.o
TIM8_UP_TIM13_IRQHandler                          build/startup_stm32f407xx.o
TIMCounterConfig                                  build/CodeSTM32.o
TIM_ARRPreloadConfig                              build/stm32f4xx_tim.o
TIM_BDTRConfig                                    build/stm32f4xx_tim.o
TIM_BDTRStructInit                                build/stm32f4xx_tim.o
TIM_CCPreloadControl                              build/stm32f4xx_tim.o
TIM_CCxCmd                                        build/stm32f4xx_tim.o
TIM_CCxNCmd                                       build/stm32f4xx_tim.o
TIM_ClearFlag                                     build/stm32f4xx_tim.o
                                                  build/CodeSTM32.o
TIM_ClearITPendingBit                             build/stm32f4xx_tim.o
TIM_ClearOC1Ref                                   build/stm32f4xx_tim.o
TIM_ClearOC2Ref                                   build/stm32f4xx_tim.o
TIM_ClearOC3Ref                                   build/stm32f4xx_tim.o
TIM_ClearOC4Ref                                   build/stm32f4xx_tim.o
TIM_Cmd                                           build/stm32f4xx_tim.o
                                                  build/CodeSTM32.o
TIM_CounterModeConfig                             build/stm32f4xx_tim.o
TIM_CtrlPWMOutputs                                build/stm32f4xx_tim.o
TIM_DMACmd                                        build/stm32f4xx_tim.o
TIM_DMAConfig                                     build/stm32f4xx_tim.o
TIM_DeInit                                        build/stm32f4xx_tim.o
TIM_ETRClockMode1Config                           build/stm32f4xx_tim.o
TIM_ETRClockMode2Config                           build/stm32f4xx_tim.o
TIM_ETRConfig                                     build/stm32f4xx_tim.o
TIM_EncoderInterfaceConfig                        build/stm32f4xx_tim.o
TIM_ForcedOC1Config                               build/stm32f4xx_tim.o
TIM_ForcedOC2Config                               build/stm32f4xx_tim.o
TIM_ForcedOC3Config                               build/stm32f4xx_tim.o
TIM_ForcedOC4Config                               build/stm32f4xx_tim.o
TIM_GenerateEvent                                 build/stm32f4xx_tim.o
TIM_GetCapture1                                   build/stm32f4xx_tim.o
                                                  build/CodeSTM32.o
TIM_GetCapture2                                   build/stm32f4xx_tim.o
TIM_GetCapture3                                   build/stm32f4xx_tim.o
TIM_GetCapture4                                   build/stm32f4xx_tim.o
TIM_GetCounter                                    build/stm32f4xx_tim.o
TIM_GetFlagStatus                                 build/stm32f4xx_tim.o
                                                  build/CodeSTM32.o
TIM_GetITStatus                                   build/stm32f4xx_tim.o
TIM_GetPrescaler                                  build/stm32f4xx_tim.o
TIM_ICInit                                        build/stm32f4xx_tim.o
                                                  build/CodeSTM32.o
TIM_ICStructInit                                  build/stm32f4xx_tim.o
TIM_ITConfig                                      build/stm32f4xx_tim.o
                                                  build/CodeSTM32.o
TIM_ITRxExternalClockConfig                       build/stm32f4xx_tim.o
TIM_InternalClockConfig                           build/stm32f4xx_tim.o
TIM_OC1FastConfig                                 build/stm32f4xx_tim.o
TIM_OC1Init                                       build/stm32f4xx_tim.o
TIM_OC1NPolarityConfig                            build/stm32f4xx_tim.o
TIM_OC1PolarityConfig                             build/stm32f4xx_tim.o
TIM_OC1PreloadConfig                              build/stm32f4xx_tim.o
TIM_OC2FastConfig                                 build/stm32f4xx_tim.o
TIM_OC2Init                                       build/stm32f4xx_tim.o
TIM_OC2NPolarityConfig                            build/stm32f4xx_tim.o
TIM_OC2PolarityConfig                             build/stm32f4xx_tim.o
TIM_OC2PreloadConfig                              build/stm32f4xx_tim.o
TIM_OC3FastConfig                                 build/stm32f4xx_tim.o
TIM_OC3Init                                       build/stm32f4xx_tim.o
TIM_OC3NPolarityConfig                            build/stm32f4xx_tim.o
TIM_OC3PolarityConfig                             build/stm32f4xx_tim.o
TIM_OC3PreloadConfig                              build/stm32f4xx_tim.o
TIM_OC4FastConfig                                 build/stm32f4xx_tim.o
TIM_OC4Init                                       build/stm32f4xx_tim.o
TIM_OC4PolarityConfig                             build/stm32f4xx_tim.o
TIM_OC4PreloadConfig                              build/stm32f4xx_tim.o
TIM_OCStructInit                                  build/stm32f4xx_tim.o
TIM_PWMIConfig                                    build/stm32f4xx_tim.o
TIM_PrescalerConfig                               build/stm32f4xx_tim.o
TIM_RemapConfig                                   build/stm32f4xx_tim.o
TIM_SelectCCDMA                                   build/stm32f4xx_tim.o
TIM_SelectCOM                                     build/stm32f4xx_tim.o
TIM_SelectHallSensor                              build/stm32f4xx_tim.o
TIM_SelectInputTrigger                            build/stm32f4xx_tim.o
TIM_SelectMasterSlaveMode                         build/stm32f4xx_tim.o
TIM_SelectOCxM                                    build/stm32f4xx_tim.o
TIM_SelectOnePulseMode                            build/stm32f4xx_tim.o
TIM_SelectOutputTrigger                           build/stm32f4xx_tim.o
TIM_SelectSlaveMode                               build/stm32f4xx_tim.o
TIM_SetAutoreload                                 build/stm32f4xx_tim.o
TIM_SetClockDivision                              build/stm32f4xx_tim.o
TIM_SetCompare1                                   build/stm32f4xx_tim.o
TIM_SetCompare2                                   build/stm32f4xx_tim.o
TIM_SetCompare3                                   build/stm32f4xx_tim.o
TIM_SetCompare4                                   build/stm32f4xx_tim.o
TIM_SetCounter                                    build/stm32f4xx_tim.o
TIM_SetIC1Prescaler                               build/stm32f4xx_tim.o
TIM_SetIC2Prescaler                               build/stm32f4xx_tim.o
TIM_SetIC3Prescaler                               build/stm32f4xx_tim.o
TIM_SetIC4Prescaler                               build/stm32f4xx_tim.o
TIM_TIxExternalClockConfig                        build/stm32f4xx_tim.o
TIM_TimeBaseInit                                  build/stm32f4xx_tim.o
                                                  build/CodeSTM32.o
TIM_TimeBaseInitStructre                          build/CodeSTM32.o
TIM_TimeBaseStructInit                            build/stm32f4xx_tim.o
TIM_UpdateDisableConfig                           build/stm32f4xx_tim.o
TIM_UpdateRequestConfig                           build/stm32f4xx_tim.o
TimerCaptureConf                                  build/CodeSTM32.o
TimerIC_Confi                                     build/CodeSTM32.o
UART4_IRQHandler                                  build/startup_stm32f407xx.o
UART5_IRQHandler                                  build/startup_stm32f407xx.o
USART1_IRQHandler                                 build/startup_stm32f407xx.o
USART2_IRQHandler                                 build/startup_stm32f407xx.o
USART3_IRQHandler                                 build/startup_stm32f407xx.o
USART6_IRQHandler                                 build/startup_stm32f407xx.o
USART_ClearFlag                                   build/stm32f4xx_usart.o
USART_ClearITPendingBit                           build/stm32f4xx_usart.o
USART_ClockInit                                   build/stm32f4xx_usart.o
USART_ClockStructInit                             build/stm32f4xx_usart.o
USART_Cmd                                         build/stm32f4xx_usart.o
                                                  build/CodeSTM32.o
USART_Config                                      build/CodeSTM32.o
USART_DMACmd                                      build/stm32f4xx_usart.o
                                                  build/CodeSTM32.o
USART_DeInit                                      build/stm32f4xx_usart.o
USART_GetFlagStatus                               build/stm32f4xx_usart.o
USART_GetITStatus                                 build/stm32f4xx_usart.o
USART_HalfDuplexCmd                               build/stm32f4xx_usart.o
USART_ITConfig                                    build/stm32f4xx_usart.o
USART_Init                                        build/stm32f4xx_usart.o
                                                  build/CodeSTM32.o
USART_InitStructure                               build/CodeSTM32.o
USART_IrDACmd                                     build/stm32f4xx_usart.o
USART_IrDAConfig                                  build/stm32f4xx_usart.o
USART_LINBreakDetectLengthConfig                  build/stm32f4xx_usart.o
USART_LINCmd                                      build/stm32f4xx_usart.o
USART_OneBitMethodCmd                             build/stm32f4xx_usart.o
USART_OverSampling8Cmd                            build/stm32f4xx_usart.o
USART_ReceiveData                                 build/stm32f4xx_usart.o
USART_ReceiverWakeUpCmd                           build/stm32f4xx_usart.o
USART_SendBreak                                   build/stm32f4xx_usart.o
USART_SendData                                    build/stm32f4xx_usart.o
USART_SetAddress                                  build/stm32f4xx_usart.o
USART_SetGuardTime                                build/stm32f4xx_usart.o
USART_SetPrescaler                                build/stm32f4xx_usart.o
USART_SmartCardCmd                                build/stm32f4xx_usart.o
USART_SmartCardNACKCmd                            build/stm32f4xx_usart.o
USART_StructInit                                  build/stm32f4xx_usart.o
USART_WakeUpConfig                                build/stm32f4xx_usart.o
UsageFault_Handler                                build/stm32f4xx_it.o
WWDG_IRQHandler                                   build/startup_stm32f407xx.o
__bss_end__                                       d:/arm-none-eabi-gcc/bin/../lib/gcc/arm-none-eabi/10.3.1/../../../../arm-none-eabi/lib/thumb/v7e-m+fp/hard/crt0.o
__bss_start__                                     d:/arm-none-eabi-gcc/bin/../lib/gcc/arm-none-eabi/10.3.1/../../../../arm-none-eabi/lib/thumb/v7e-m+fp/hard/crt0.o
__call_exitprocs                                  d:/arm-none-eabi-gcc/bin/../lib/gcc/arm-none-eabi/10.3.1/../../../../arm-none-eabi/lib/thumb/v7e-m+fp/hard\libc_nano.a(lib_a-exit.o)
__deregister_frame_info                           d:/arm-none-eabi-gcc/bin/../lib/gcc/arm-none-eabi/10.3.1/thumb/v7e-m+fp/hard/crtbegin.o
__dso_handle                                      d:/arm-none-eabi-gcc/bin/../lib/gcc/arm-none-eabi/10.3.1/thumb/v7e-m+fp/hard/crtbegin.o
__init_array_end                                  d:/arm-none-eabi-gcc/bin/../lib/gcc/arm-none-eabi/10.3.1/../../../../arm-none-eabi/lib/thumb/v7e-m+fp/hard\libc_nano.a(lib_a-init.o)
__init_array_start                                d:/arm-none-eabi-gcc/bin/../lib/gcc/arm-none-eabi/10.3.1/../../../../arm-none-eabi/lib/thumb/v7e-m+fp/hard\libc_nano.a(lib_a-init.o)
__libc_fini_array                                 d:/arm-none-eabi-gcc/bin/../lib/gcc/arm-none-eabi/10.3.1/../../../../arm-none-eabi/lib/thumb/v7e-m+fp/hard/crt0.o
__libc_init_array                                 d:/arm-none-eabi-gcc/bin/../lib/gcc/arm-none-eabi/10.3.1/../../../../arm-none-eabi/lib/thumb/v7e-m+fp/hard\libc_nano.a(lib_a-init.o)
                                                  build/startup_stm32f407xx.o
                                                  d:/arm-none-eabi-gcc/bin/../lib/gcc/arm-none-eabi/10.3.1/../../../../arm-none-eabi/lib/thumb/v7e-m+fp/hard/crt0.o
__preinit_array_end                               d:/arm-none-eabi-gcc/bin/../lib/gcc/arm-none-eabi/10.3.1/../../../../arm-none-eabi/lib/thumb/v7e-m+fp/hard\libc_nano.a(lib_a-init.o)
__preinit_array_start                             d:/arm-none-eabi-gcc/bin/../lib/gcc/arm-none-eabi/10.3.1/../../../../arm-none-eabi/lib/thumb/v7e-m+fp/hard\libc_nano.a(lib_a-init.o)
__register_frame_info                             d:/arm-none-eabi-gcc/bin/../lib/gcc/arm-none-eabi/10.3.1/thumb/v7e-m+fp/hard/crtbegin.o
__sf_fake_stderr                                  d:/arm-none-eabi-gcc/bin/../lib/gcc/arm-none-eabi/10.3.1/../../../../arm-none-eabi/lib/thumb/v7e-m+fp/hard\libc_nano.a(lib_a-impure.o)
__sf_fake_stdin                                   d:/arm-none-eabi-gcc/bin/../lib/gcc/arm-none-eabi/10.3.1/../../../../arm-none-eabi/lib/thumb/v7e-m+fp/hard\libc_nano.a(lib_a-impure.o)
__sf_fake_stdout                                  d:/arm-none-eabi-gcc/bin/../lib/gcc/arm-none-eabi/10.3.1/../../../../arm-none-eabi/lib/thumb/v7e-m+fp/hard\libc_nano.a(lib_a-impure.o)
__stack                                           d:/arm-none-eabi-gcc/bin/../lib/gcc/arm-none-eabi/10.3.1/../../../../arm-none-eabi/lib/thumb/v7e-m+fp/hard/crt0.o
_ebss                                             build/startup_stm32f407xx.o
_edata                                            build/startup_stm32f407xx.o
_estack                                           build/startup_stm32f407xx.o
_exit                                             d:/arm-none-eabi-gcc/bin/../lib/gcc/arm-none-eabi/10.3.1/../../../../arm-none-eabi/lib/thumb/v7e-m+fp/hard\libnosys.a(_exit.o)
                                                  d:/arm-none-eabi-gcc/bin/../lib/gcc/arm-none-eabi/10.3.1/../../../../arm-none-eabi/lib/thumb/v7e-m+fp/hard\libc_nano.a(lib_a-exit.o)
_fini                                             d:/arm-none-eabi-gcc/bin/../lib/gcc/arm-none-eabi/10.3.1/thumb/v7e-m+fp/hard/crti.o
_global_impure_ptr                                d:/arm-none-eabi-gcc/bin/../lib/gcc/arm-none-eabi/10.3.1/../../../../arm-none-eabi/lib/thumb/v7e-m+fp/hard\libc_nano.a(lib_a-impure.o)
                                                  d:/arm-none-eabi-gcc/bin/../lib/gcc/arm-none-eabi/10.3.1/../../../../arm-none-eabi/lib/thumb/v7e-m+fp/hard\libc_nano.a(lib_a-exit.o)
_impure_ptr                                       d:/arm-none-eabi-gcc/bin/../lib/gcc/arm-none-eabi/10.3.1/../../../../arm-none-eabi/lib/thumb/v7e-m+fp/hard\libc_nano.a(lib_a-impure.o)
_init                                             d:/arm-none-eabi-gcc/bin/../lib/gcc/arm-none-eabi/10.3.1/thumb/v7e-m+fp/hard/crti.o
                                                  d:/arm-none-eabi-gcc/bin/../lib/gcc/arm-none-eabi/10.3.1/../../../../arm-none-eabi/lib/thumb/v7e-m+fp/hard\libc_nano.a(lib_a-init.o)
_mainCRTStartup                                   d:/arm-none-eabi-gcc/bin/../lib/gcc/arm-none-eabi/10.3.1/../../../../arm-none-eabi/lib/thumb/v7e-m+fp/hard/crt0.o
_sbss                                             build/startup_stm32f407xx.o
_sdata                                            build/startup_stm32f407xx.o
_sidata                                           build/startup_stm32f407xx.o
_stack_init                                       d:/arm-none-eabi-gcc/bin/../lib/gcc/arm-none-eabi/10.3.1/../../../../arm-none-eabi/lib/thumb/v7e-m+fp/hard/crt0.o
_start                                            d:/arm-none-eabi-gcc/bin/../lib/gcc/arm-none-eabi/10.3.1/../../../../arm-none-eabi/lib/thumb/v7e-m+fp/hard/crt0.o
atexit                                            d:/arm-none-eabi-gcc/bin/../lib/gcc/arm-none-eabi/10.3.1/../../../../arm-none-eabi/lib/thumb/v7e-m+fp/hard/crt0.o
captureOnthefly                                   build/CodeSTM32.o
delay                                             build/CodeSTM32.o
exit                                              d:/arm-none-eabi-gcc/bin/../lib/gcc/arm-none-eabi/10.3.1/../../../../arm-none-eabi/lib/thumb/v7e-m+fp/hard\libc_nano.a(lib_a-exit.o)
                                                  d:/arm-none-eabi-gcc/bin/../lib/gcc/arm-none-eabi/10.3.1/../../../../arm-none-eabi/lib/thumb/v7e-m+fp/hard/crt0.o
g_pfnVectors                                      build/startup_stm32f407xx.o
hardware_init_hook                                d:/arm-none-eabi-gcc/bin/../lib/gcc/arm-none-eabi/10.3.1/../../../../arm-none-eabi/lib/thumb/v7e-m+fp/hard/crt0.o
input_capture                                     build/CodeSTM32.o
main                                              build/CodeSTM32.o
                                                  build/startup_stm32f407xx.o
                                                  d:/arm-none-eabi-gcc/bin/../lib/gcc/arm-none-eabi/10.3.1/../../../../arm-none-eabi/lib/thumb/v7e-m+fp/hard/crt0.o
memset                                            d:/arm-none-eabi-gcc/bin/../lib/gcc/arm-none-eabi/10.3.1/../../../../arm-none-eabi/lib/thumb/v7e-m+fp/hard\libc_nano.a(lib_a-memset.o)
                                                  d:/arm-none-eabi-gcc/bin/../lib/gcc/arm-none-eabi/10.3.1/../../../../arm-none-eabi/lib/thumb/v7e-m+fp/hard/crt0.o
pre_capture                                       build/CodeSTM32.o
pulse_perSecond                                   build/CodeSTM32.o
readEncoder                                       build/CodeSTM32.o
run                                               build/CodeSTM32.o
rxbuff                                            build/CodeSTM32.o
software_init_hook                                d:/arm-none-eabi-gcc/bin/../lib/gcc/arm-none-eabi/10.3.1/../../../../arm-none-eabi/lib/thumb/v7e-m+fp/hard/crt0.o
speed                                             build/CodeSTM32.o
time                                              build/CodeSTM32.o
txbuff                                            build/CodeSTM32.o
